Report zur bioinformatischen Analyse:

Tumor: GS150497_01 (Externer Name: 151680A2)
Normal: GS150496_01 (Externer Name: 151705)
Datum: 16.12.2016
Revision der Analysepipeline: megSAP 0.1-18-gaf2f1b4
Analysesystem: ssSC_v2
Zielregionen: 5616 (1256683 Basen gesamt)

QC:
  Coverage Tumor 100x: 0.19
  Durchschnittl. Tiefe Tumor: 0.79
  Coverage Normal 100x: 0.19
  Durchschnittl. Tiefe Normal: 0.54

Varianten:
  Gefundene Varianten: 3
  Details:
    #Position	W	M	QUALITY	F/T_Tumor	F/T_Normal	COSMIC	cDNA
    chr8:38271515-38271515	T	C	604	0.465/604	0.000/291		FGFR1 c.2306A>G p.His769Arg (identisch zu FGFR1 c.2207A>G p.His736Arg, FGFR1 c.1946A>G p.His649Arg, FGFR1 c.2183A>G p.His728Arg, FGFR1 c.1940A>G p.His647Arg, FGFR1 c.2213A>G p.His738Arg)
    chr9:98231134-98231134	C	T	203	0.171/410	0.000/374		PTCH1 c.2149G>A p.Asp717Asn (identisch zu PTCH1 c.1696G>A p.Asp566Asn, PTCH1 c.1951G>A p.Asp651Asn, PTCH1 c.2146G>A p.Asp716Asn, LOC100507346 n.790C>T )
    chrX:48651570-48651570	G	A	650	0.941/156	0.000/137		GATA1 c.745-9G>A 

Abdeckung:
  Target: ssSC_v2 (../../data/enrichment/ssSC_v2_2015_01_26.bed)
  min. Tiefe Tumor: 100x
  min. Tiefe Normal: 100x
    #gene	no. bases	chr	region(s)
    ABL1	873	chr9	133738301-133738491, 133747475-133747664, 133748156-133748457, 133750327-133750516
    AKT1	173	chr14	105246428-105246600
    ALK	359	chr2	29432635-29432822, 29443666-29443836
    APC	1370	chr5	112173886-112174071, 112174602-112174775, 112175033-112176042
    ATM	1437	chr11	108117816-108117989, 108119792-108119963, 108123512-108123683, 108137938-108138126, 108155103-108155281, 108170441-108170618, 108172390-108172571, 108173611-108173801
    ATM, C11ORF65	1475	chr11	108180914-108181101, 108200925-108201096, 108204650-108204823, 108205738-108205928, 108206565-108206750, 108218060-108218247, 108225561-108225751, 108236057-108236241
    BRAF	354	chr7	140453092-140453267, 140481368-140481545
    CDH1	525	chr16	68835612-68835782, 68846108-68846283, 68847245-68847422
    CDKN2A, MTAP	187	chr9	21971122-21971308
    CSF1R	360	chr5	149433615-149433799, 149453015-149453189
    CTNNB1	172	chr3	41266009-41266180
    EGFR	1397	chr7	55211051-55211238, 55221791-55221964, 55233018-55233203, 55241648-55241827, 55242387-55242576, 55248878-55249178, 55259485-55259662
    ERBB2	548	chr17	37880190-37880361, 37880962-37881151, 37881297-37881482
    ERBB4	1429	chr2	212288911-212289100, 212530035-212530210, 212576820-212576990, 212578314-212578499, 212587114-212587285, 212589782-212589957, 212652705-212652876, 212812126-212812311
    FBXW7	916	chr4	153245415-153245604, 153247247-153247417, 153249337-153249520, 153250852-153251031, 153258952-153259142
    FGFR1	363	chr8	38282182-38282360, 38285907-38286090
    FGFR2	752	chr10	123258005-123258184, 123274745-123274930, 123279384-123279769
    FGFR3	912	chr4	1803537-1803712, 1806090-1806277, 1807835-1808025, 1808294-1808464, 1808920-1809105
    FLT3	710	chr13	28592589-28592766, 28602294-28602464, 28608213-28608402, 28610097-28610267
    GNA11	1130	chr19	3114823-3115133, 3118801-3118989, 3119207-3119395, 3120864-3121304
    GNAQ	1352	chr9	80336109-80336495, 80343305-80343689, 80409248-80409639, 80412405-80412592
    GNAS	172	chr20	57484389-57484560
    HNF1A	356	chr12	121431384-121431558, 121432041-121432221
    HRAS	365	chr11	533842-534021, 534250-534434
    IDH1	182	chr2	209113083-209113264
    JAK2	188	chr9	5073736-5073923
    JAK3	366	chr19	17945665-17945840, 17947980-17948169
    KDR	1548	chr4	55945983-55946284, 55953776-55953965, 55955084-55955257, 55960958-55961129, 55962476-55962653, 55972935-55973106, 55979594-55979775, 55980319-55980496
    KIT	1696	chr4	55561735-55561913, 55592154-55592341, 55593341-55593739, 55594192-55594380, 55595492-55595675, 55597466-55597652, 55599289-55599472, 55602665-55602850
    KRAS	562	chr12	25378531-25378717, 25380244-25380427, 25398224-25398414
    MET	902	chr7	116339613-116339792, 116340233-116340420, 116411957-116412127, 116417430-116417620, 116423384-116423555
    MLH1	184	chr3	37067211-37067394
    MPL	183	chr1	43814981-43815163
    NOTCH1	361	chr9	139397739-139397928, 139399315-139399485
    NPM1	186	chr5	170837492-170837677
    NRAS	366	chr1	115256499-115256680, 115258701-115258884
    PDGFRA	726	chr4	55140980-55141157, 55144119-55144306, 55144518-55144703, 55152011-55152184
    PIK3CA	1205	chr3	178916835-178917024, 178921524-178921709, 178927905-178928082, 178936043-178936214, 178938831-178939004, 178951880-178952184
    PTEN	1161	chr10	89624213-89624388, 89685274-89685459, 89711864-89712039, 89717488-89717801, 89720683-89720991
    PTPN11	368	chr12	112888134-112888323, 112926855-112927032
    RB1	1417	chr13	48919155-48919336, 48923119-48923296, 48942654-48942826, 48955503-48955684, 49027111-49027288, 49033812-49033989, 49037814-49037985, 49039131-49039304
    RET	895	chr10	43609047-43609226, 43609901-43610075, 43613809-43613998, 43615532-43615703, 43617387-43617564
    SMAD4	1428	chr18	48575130-48575301, 48581167-48581346, 48584527-48584714, 48586233-48586416, 48591795-48591982, 48593376-48593547, 48602997-48603168, 48604637-48604808
    SMARCB1	713	chr22	24133938-24134126, 24143209-24143383, 24145551-24145726, 24176323-24176495
    SMO	925	chr7	128845072-128845257, 128846009-128846194, 128846347-128846536, 128850310-128850499, 128851562-128851734
    SRC	191	chr20	36031733-36031923
    STK11	724	chr19	1206992-1207169, 1220458-1220638, 1221231-1221407, 1223034-1223221
    TP53	1484	chr17	7573976-7574147, 7576995-7577166, 7577494-7577683, 7578063-7578645, 7579323-7579507, 7579851-7580032
    VHL	557	chr3	10183768-10183952, 10188216-10188401, 10191449-10191634
