{\rtf1\ansi\deff0 {\fonttbl {\f0 Times New Roman;}}
{\header\pard\qr\fs14 Wiss. Bericht GS150497_01-GS150496_01 vom 24.08.2017, Seite \chpgn  von {\field{\*\fldinst  NUMPAGES }}\par}
\titlepg
{\headerf {\pard\sa2200 \par}}
{\footerf {\pard\sa1200 \par}}
{\pard\fs28\sa270 Wissenschaftlicher Bericht zu Tumorsequenzierung \par}
{\pard\fs24\sa45 Allgemeine Informationen: \par}
{\pard\fs20\sa180
{\trowd\trgraph180\fs20\cellx3000\cellx6500\pard\intbl {Datum:}\cell \pard\intbl\ql {24.08.2017}\cell\row}
{\trowd\trgraph180\fs20\cellx3000\cellx6500\pard\intbl {Revision der Analysepipeline:}\cell \pard\intbl\ql {megSAP 0.1-358-g9f1df8e}\cell\row}
{\trowd\trgraph180\fs20\cellx3000\cellx6500\pard\intbl {Tumor:}\cell \pard\intbl\ql {GS150497_01}\cell\row}
{\trowd\trgraph180\fs20\cellx3000\cellx6500\pard\intbl {Normal:}\cell \pard\intbl\ql {GS150496_01}\cell\row}
{\trowd\trgraph180\fs20\cellx3000\cellx6500\pard\intbl {Prozessierungssystem Tumor:}\cell \pard\intbl\ql {SureSelect Somatic Cancer Panel v2}\cell\row}
{\trowd\trgraph180\fs20\cellx3000\cellx6500\pard\intbl {Prozessierungssystem Normal:}\cell \pard\intbl\ql {SureSelect Somatic Cancer Panel v2}\cell\row}
\par}
{\pard\fs24\sa45 Qualitätsparameter: \par}
{\pard\fs20\sa180
{\trowd\trgraph180\fs20\cellx2500\cellx4700\pard\intbl {Coverage Tumor 100x:}\cell \pard\intbl\qr {0.20}\cell\row}
{\trowd\trgraph180\fs20\cellx2500\cellx4700\pard\intbl {Durchschnittl. Tiefe Tumor:}\cell \pard\intbl\qr {1.24}\cell\row}
{\trowd\trgraph180\fs20\cellx2500\cellx4700\pard\intbl {Coverage Normal 100x:}\cell \pard\intbl\qr {0.20}\cell\row}
{\trowd\trgraph180\fs20\cellx2500\cellx4700\pard\intbl {Durchschnittl. Tiefe Normal:}\cell \pard\intbl\qr {0.85}\cell\row}
{\trowd\trgraph180\fs20\cellx2500\cellx4700\pard\intbl {Mutationslast:}\cell \pard\intbl\qr {low (2.39 var/Mb)}\cell\row}
{\trowd\trgraph180\fs20\cellx2500\cellx4700\pard\intbl {Tumoranteil:}\cell \pard\intbl\qr {}\cell\row}
\par}
{\pard\fs24\sa45 SNVs und kleine INDELs: \par}
{\pard\fs20\sb45\sa45
Gefundene Varianten: 3\line
Details:
\par}
{\pard\fs20\sa360\sb45
{\trowd\trgraph180\fs20\clbrdrt\brdrw18\brdrs\clbrdrl\brdrw18\brdrs\clbrdrb\brdrw18\brdrs\clbrdrr\brdrw18\brdrs\cellx2550\clbrdrt\brdrw18\brdrs\clbrdrl\brdrw18\brdrs\clbrdrb\brdrw18\brdrs\clbrdrr\brdrw18\brdrs\cellx3200\clbrdrt\brdrw18\brdrs\clbrdrl\brdrw18\brdrs\clbrdrb\brdrw18\brdrs\clbrdrr\brdrw18\brdrs\cellx3600\clbrdrt\brdrw18\brdrs\clbrdrl\brdrw18\brdrs\clbrdrb\brdrw18\brdrs\clbrdrr\brdrw18\brdrs\cellx4850\clbrdrt\brdrw18\brdrs\clbrdrl\brdrw18\brdrs\clbrdrb\brdrw18\brdrs\clbrdrr\brdrw18\brdrs\cellx6050\clbrdrt\brdrw18\brdrs\clbrdrl\brdrw18\brdrs\clbrdrb\brdrw18\brdrs\clbrdrr\brdrw18\brdrs\cellx9500\pard\intbl\sa20\sb20\b\qc Position\cell \pard\intbl\sa20\sb20\qc R\cell \pard\intbl\sa20\sb20\qc V\cell \pard\intbl\sa20\sb20\qc F/T_Tumor\cell \pard\intbl\sa20\sb20\qc F/T_Normal\cell \pard\intbl\sa20\sb20\qc cDNA\cell\row}
{\trowd\trgaph70\fs20\clbrdrt\brdrw18\brdrs\clbrdrl\brdrw18\brdrs\clbrdrb\brdrw18\brdrs\clbrdrr\brdrw18\brdrs \cellx2550\clbrdrt\brdrw18\brdrs\clbrdrl\brdrw18\brdrs\clbrdrb\brdrw18\brdrs\clbrdrr\brdrw18\brdrs \cellx3200\clbrdrt\brdrw18\brdrs\clbrdrl\brdrw18\brdrs\clbrdrb\brdrw18\brdrs\clbrdrr\brdrw18\brdrs \cellx3600\clbrdrt\brdrw18\brdrs\clbrdrl\brdrw18\brdrs\clbrdrb\brdrw18\brdrs\clbrdrr\brdrw18\brdrs \cellx4850\clbrdrt\brdrw18\brdrs\clbrdrl\brdrw18\brdrs\clbrdrb\brdrw18\brdrs\clbrdrr\brdrw18\brdrs \cellx6050\clbrdrt\brdrw18\brdrs\clbrdrl\brdrw18\brdrs\clbrdrb\brdrw18\brdrs\clbrdrr\brdrw18\brdrs \cellx9500\pard\intbl\sa20\sb20 chr8:38271515-38271515\cell \pard\intbl\sa20\sb20\qc T\cell \pard\intbl\sa20\sb20\qc C\cell \pard\intbl\sa20\sb20\qc 0.465/604\cell \pard\intbl\sa20\sb20\qc 0.000/291\cell \pard\intbl\sa20\sb20\qj FGFR1 c.2306A>G p.His769Arg (identisch zu FGFR1 c.2207A>G p.His736Arg, FGFR1 c.2213A>G p.His738Arg, FGFR1 c.1946A>G p.His649Arg, FGFR1 c.2183A>G p.His728Arg, FGFR1 c.1940A>G p.His647Arg)\cell\row}
{\trowd\trgaph70\fs20\clbrdrt\brdrw18\brdrs\clbrdrl\brdrw18\brdrs\clbrdrb\brdrw18\brdrs\clbrdrr\brdrw18\brdrs \cellx2550\clbrdrt\brdrw18\brdrs\clbrdrl\brdrw18\brdrs\clbrdrb\brdrw18\brdrs\clbrdrr\brdrw18\brdrs \cellx3200\clbrdrt\brdrw18\brdrs\clbrdrl\brdrw18\brdrs\clbrdrb\brdrw18\brdrs\clbrdrr\brdrw18\brdrs \cellx3600\clbrdrt\brdrw18\brdrs\clbrdrl\brdrw18\brdrs\clbrdrb\brdrw18\brdrs\clbrdrr\brdrw18\brdrs \cellx4850\clbrdrt\brdrw18\brdrs\clbrdrl\brdrw18\brdrs\clbrdrb\brdrw18\brdrs\clbrdrr\brdrw18\brdrs \cellx6050\clbrdrt\brdrw18\brdrs\clbrdrl\brdrw18\brdrs\clbrdrb\brdrw18\brdrs\clbrdrr\brdrw18\brdrs \cellx9500\pard\intbl\sa20\sb20 chr9:98231134-98231134\cell \pard\intbl\sa20\sb20\qc C\cell \pard\intbl\sa20\sb20\qc T\cell \pard\intbl\sa20\sb20\qc 0.171/410\cell \pard\intbl\sa20\sb20\qc 0.000/374\cell \pard\intbl\sa20\sb20\qj PTCH1 c.2149G>A p.Asp717Asn (identisch zu PTCH1 c.1696G>A p.Asp566Asn, PTCH1 c.1951G>A p.Asp651Asn, PTCH1 c.2146G>A p.Asp716Asn)\cell\row}
{\trowd\trgaph70\fs20\clbrdrt\brdrw18\brdrs\clbrdrl\brdrw18\brdrs\clbrdrb\brdrw18\brdrs\clbrdrr\brdrw18\brdrs \cellx2550\clbrdrt\brdrw18\brdrs\clbrdrl\brdrw18\brdrs\clbrdrb\brdrw18\brdrs\clbrdrr\brdrw18\brdrs \cellx3200\clbrdrt\brdrw18\brdrs\clbrdrl\brdrw18\brdrs\clbrdrb\brdrw18\brdrs\clbrdrr\brdrw18\brdrs \cellx3600\clbrdrt\brdrw18\brdrs\clbrdrl\brdrw18\brdrs\clbrdrb\brdrw18\brdrs\clbrdrr\brdrw18\brdrs \cellx4850\clbrdrt\brdrw18\brdrs\clbrdrl\brdrw18\brdrs\clbrdrb\brdrw18\brdrs\clbrdrr\brdrw18\brdrs \cellx6050\clbrdrt\brdrw18\brdrs\clbrdrl\brdrw18\brdrs\clbrdrb\brdrw18\brdrs\clbrdrr\brdrw18\brdrs \cellx9500\pard\intbl\sa20\sb20 chrX:48651570-48651570\cell \pard\intbl\sa20\sb20\qc G\cell \pard\intbl\sa20\sb20\qc A\cell \pard\intbl\sa20\sb20\qc 0.941/156\cell \pard\intbl\sa20\sb20\qc 0.000/137\cell \pard\intbl\sa20\sb20\qj GATA1 c.745-9G>A \cell\row}
\fs8\line\fs14 Position - chromosomale Position (GRCh37); R - Allel Referenz; V - Allel Variante; F/T_Tumor - Frequenz und Tiefe im Tumor;F/T_Normal - Frequenz und Tiefe im Normal; cDNA - cDNA Position und Auswirkung Peptid.\fs20
\par}
{\pard\fs24\sa45 CNVs: \par}
\fs8\line\fs14
{\pard\fs20\qj
Die folgenden Tabellen zeigen das wissenschaftliche Ergebnis der CNV-Analysen, die mit dem CNVHunter Tool durchgeführt wurden. Die Liste der CNVs basiert auf strengen Filterkriterien. Zur Validierung relevanter Veränderungen empfehlen wir eine zweite, unabhängige Methode.
\par}
{\pard\fs20\sb45\sa45
Gefundene CNVs: 0\line
Keine CNVs gefunden. Siehe Somatic_GS150497_01-GS150496_01/GS150497_01-GS150496_01_cnvs.tsv für QC-Fehler.
\par}
}