{\rtf1\ansi\deff0 {\fonttbl {\f0 Times New Roman;}}{\colortbl;\red188\green230\blue138;}
{\header\pard\qr\fs14 Wiss. Bericht Tumor2-Normal2 vom 28.08.2017, Seite \chpgn  von {\field{\*\fldinst  NUMPAGES }}\par}
\titlepg
{\headerf {\pard\sa2200 \par}}
{\footerf {\pard\sa1200 \par}}
{\pard\fs28\sa270 Wissenschaftlicher Bericht zu Tumorsequenzierung \par}
{\pard\fs24\sa45 Allgemeine Informationen: \par}
{\pard\fs20\sa180
{\trowd\trgraph180\fs20\cellx3000\cellx6500\pard\intbl {Datum:}\cell \pard\intbl\ql {28.08.2017}\cell\row}
{\trowd\trgraph180\fs20\cellx3000\cellx6500\pard\intbl {Revision der Analysepipeline:}\cell \pard\intbl\ql {megSAP 0.1-375-ga2625ee}\cell\row}
{\trowd\trgraph180\fs20\cellx3000\cellx6500\pard\intbl {Tumor:}\cell \pard\intbl\ql {Tumor2}\cell\row}
{\trowd\trgraph180\fs20\cellx3000\cellx6500\pard\intbl {Normal:}\cell \pard\intbl\ql {Normal2}\cell\row}
{\trowd\trgraph180\fs20\cellx3000\cellx6500\pard\intbl {Prozessierungssystem Tumor:}\cell \pard\intbl\ql {SureSelect Somatic Cancer Panel v2}\cell\row}
{\trowd\trgraph180\fs20\cellx3000\cellx6500\pard\intbl {Prozessierungssystem Normal:}\cell \pard\intbl\ql {SureSelect Somatic Cancer Panel v2}\cell\row}
\par}
{\pard\fs24\sa45 Qualitätsparameter: \par}
{\pard\fs20\sa180
{\trowd\trgraph180\fs20\cellx2500\cellx4700\pard\intbl {Coverage Tumor 100x:}\cell \pard\intbl\qr {96.48 %}\cell\row}
{\trowd\trgraph180\fs20\cellx2500\cellx4700\pard\intbl {Durchschnittl. Tiefe Tumor:}\cell \pard\intbl\qr {291.64x}\cell\row}
{\trowd\trgraph180\fs20\cellx2500\cellx4700\pard\intbl {Coverage Normal 100x:}\cell \pard\intbl\qr {98.17 %}\cell\row}
{\trowd\trgraph180\fs20\cellx2500\cellx4700\pard\intbl {Durchschnittl. Tiefe Normal:}\cell \pard\intbl\qr {503.41x}\cell\row}
{\trowd\trgraph180\fs20\cellx2500\cellx4700\pard\intbl {Tumoranteil:}\cell \pard\intbl\qr {\highlight1 0 %\highlight0}\cell\row}
\par}
{\pard\fs24\sa45 SNVs und kleine INDELs: \par}
{\pard\fs20\sb45
Gefundene Varianten: 11\par}
{\trowd\trgraph180\fs20
\clbrdrt\brdrw18\brdrs\clbrdrl\brdrw18\brdrs\clbrdrb\brdrw18\brdrs\clbrdrr\brdrw18\brdrs\cellx9500
\pard\intbl\sa20\sb20\qc\b {Veränderungen nur in Tumorgewebe}\cell\row}
{\pard\fs20\sa360\sb45
{\trowd\trgraph180\fs20\clbrdrt\brdrw18\brdrs\clbrdrl\brdrw18\brdrs\clbrdrb\brdrw18\brdrs\clbrdrr\brdrw18\brdrs\cellx2550\clbrdrt\brdrw18\brdrs\clbrdrl\brdrw18\brdrs\clbrdrb\brdrw18\brdrs\clbrdrr\brdrw18\brdrs\cellx3200\clbrdrt\brdrw18\brdrs\clbrdrl\brdrw18\brdrs\clbrdrb\brdrw18\brdrs\clbrdrr\brdrw18\brdrs\cellx3850\clbrdrt\brdrw18\brdrs\clbrdrl\brdrw18\brdrs\clbrdrb\brdrw18\brdrs\clbrdrr\brdrw18\brdrs\cellx5050\clbrdrt\brdrw18\brdrs\clbrdrl\brdrw18\brdrs\clbrdrb\brdrw18\brdrs\clbrdrr\brdrw18\brdrs\cellx6250\clbrdrt\brdrw18\brdrs\clbrdrl\brdrw18\brdrs\clbrdrb\brdrw18\brdrs\clbrdrr\brdrw18\brdrs\cellx9500\pard\intbl\sa20\sb20\b\qc Position\cell \pard\intbl\sa20\sb20\qc R\cell \pard\intbl\sa20\sb20\qc V\cell \pard\intbl\sa20\sb20\qc F/T Tumor\cell \pard\intbl\sa20\sb20\qc F/T Normal\cell \pard\intbl\sa20\sb20\qc cDNA\cell\row}
{\trowd\trgaph70\fs20\clbrdrt\brdrw18\brdrs\clbrdrl\brdrw18\brdrs\clbrdrb\brdrw18\brdrs\clbrdrr\brdrw18\brdrs\cellx2550\clbrdrt\brdrw18\brdrs\clbrdrl\brdrw18\brdrs\clbrdrb\brdrw18\brdrs\clbrdrr\brdrw18\brdrs\cellx3200\clbrdrt\brdrw18\brdrs\clbrdrl\brdrw18\brdrs\clbrdrb\brdrw18\brdrs\clbrdrr\brdrw18\brdrs\cellx3850\clbrdrt\brdrw18\brdrs\clbrdrl\brdrw18\brdrs\clbrdrb\brdrw18\brdrs\clbrdrr\brdrw18\brdrs\cellx5050\clbrdrt\brdrw18\brdrs\clbrdrl\brdrw18\brdrs\clbrdrb\brdrw18\brdrs\clbrdrr\brdrw18\brdrs\cellx6250\clbrdrt\brdrw18\brdrs\clbrdrl\brdrw18\brdrs\clbrdrb\brdrw18\brdrs\clbrdrr\brdrw18\brdrs\cellx9500\pard\intbl\sa20\sb20 chr1:206658554-206658554\cell \pard\intbl\sa20\sb20\qc C\cell \pard\intbl\sa20\sb20\qc T\cell \pard\intbl\sa20\sb20\qc 0.448/183\cell \pard\intbl\sa20\sb20\qc 0.000/332\cell \pard\intbl\sa20\sb20\qj IKBKE c.1527C>T p.Cys509Cys (identisch zu IKBKE c.1272C>T p.Cys424Cys)\cell\row}
{\trowd\trgaph70\fs20\clbrdrt\brdrw18\brdrs\clbrdrl\brdrw18\brdrs\clbrdrb\brdrw18\brdrs\clbrdrr\brdrw18\brdrs\cellx2550\clbrdrt\brdrw18\brdrs\clbrdrl\brdrw18\brdrs\clbrdrb\brdrw18\brdrs\clbrdrr\brdrw18\brdrs\cellx3200\clbrdrt\brdrw18\brdrs\clbrdrl\brdrw18\brdrs\clbrdrb\brdrw18\brdrs\clbrdrr\brdrw18\brdrs\cellx3850\clbrdrt\brdrw18\brdrs\clbrdrl\brdrw18\brdrs\clbrdrb\brdrw18\brdrs\clbrdrr\brdrw18\brdrs\cellx5050\clbrdrt\brdrw18\brdrs\clbrdrl\brdrw18\brdrs\clbrdrb\brdrw18\brdrs\clbrdrr\brdrw18\brdrs\cellx6250\clbrdrt\brdrw18\brdrs\clbrdrl\brdrw18\brdrs\clbrdrb\brdrw18\brdrs\clbrdrr\brdrw18\brdrs\cellx9500\pard\intbl\sa20\sb20 chr2:141625739-141625739\cell \pard\intbl\sa20\sb20\qc C\cell \pard\intbl\sa20\sb20\qc T\cell \pard\intbl\sa20\sb20\qc 0.784/334\cell \pard\intbl\sa20\sb20\qc 0.000/501\cell \pard\intbl\sa20\sb20\qj LRP1B c.4263G>A p.Met1421Ile (identisch zu LRP1B c.1698G>A p.Met566Ile)\cell\row}
{\trowd\trgaph70\fs20\clbrdrt\brdrw18\brdrs\clbrdrl\brdrw18\brdrs\clbrdrb\brdrw18\brdrs\clbrdrr\brdrw18\brdrs\cellx2550\clbrdrt\brdrw18\brdrs\clbrdrl\brdrw18\brdrs\clbrdrb\brdrw18\brdrs\clbrdrr\brdrw18\brdrs\cellx3200\clbrdrt\brdrw18\brdrs\clbrdrl\brdrw18\brdrs\clbrdrb\brdrw18\brdrs\clbrdrr\brdrw18\brdrs\cellx3850\clbrdrt\brdrw18\brdrs\clbrdrl\brdrw18\brdrs\clbrdrb\brdrw18\brdrs\clbrdrr\brdrw18\brdrs\cellx5050\clbrdrt\brdrw18\brdrs\clbrdrl\brdrw18\brdrs\clbrdrb\brdrw18\brdrs\clbrdrr\brdrw18\brdrs\cellx6250\clbrdrt\brdrw18\brdrs\clbrdrl\brdrw18\brdrs\clbrdrb\brdrw18\brdrs\clbrdrr\brdrw18\brdrs\cellx9500\pard\intbl\sa20\sb20 chr3:47142993-47142993\cell \pard\intbl\sa20\sb20\qc G\cell \pard\intbl\sa20\sb20\qc A\cell \pard\intbl\sa20\sb20\qc 0.801/322\cell \pard\intbl\sa20\sb20\qc 0.000/577\cell \pard\intbl\sa20\sb20\qj SETD2 c.4970C>T p.Pro1657Leu (identisch zu SETD2 c.3869C>T p.Pro1290Leu)\cell\row}
{\trowd\trgaph70\fs20\clbrdrt\brdrw18\brdrs\clbrdrl\brdrw18\brdrs\clbrdrb\brdrw18\brdrs\clbrdrr\brdrw18\brdrs\cellx2550\clbrdrt\brdrw18\brdrs\clbrdrl\brdrw18\brdrs\clbrdrb\brdrw18\brdrs\clbrdrr\brdrw18\brdrs\cellx3200\clbrdrt\brdrw18\brdrs\clbrdrl\brdrw18\brdrs\clbrdrb\brdrw18\brdrs\clbrdrr\brdrw18\brdrs\cellx3850\clbrdrt\brdrw18\brdrs\clbrdrl\brdrw18\brdrs\clbrdrb\brdrw18\brdrs\clbrdrr\brdrw18\brdrs\cellx5050\clbrdrt\brdrw18\brdrs\clbrdrl\brdrw18\brdrs\clbrdrb\brdrw18\brdrs\clbrdrr\brdrw18\brdrs\cellx6250\clbrdrt\brdrw18\brdrs\clbrdrl\brdrw18\brdrs\clbrdrb\brdrw18\brdrs\clbrdrr\brdrw18\brdrs\cellx9500\pard\intbl\sa20\sb20 chr4:100239994-100239994\cell \pard\intbl\sa20\sb20\qc G\cell \pard\intbl\sa20\sb20\qc A\cell \pard\intbl\sa20\sb20\qc 0.688/250\cell \pard\intbl\sa20\sb20\qc 0.000/652\cell \pard\intbl\sa20\sb20\qj ADH1B c.68C>T p.Ser23Phe\cell\row}
{\trowd\trgaph70\fs20\clbrdrt\brdrw18\brdrs\clbrdrl\brdrw18\brdrs\clbrdrb\brdrw18\brdrs\clbrdrr\brdrw18\brdrs\cellx2550\clbrdrt\brdrw18\brdrs\clbrdrl\brdrw18\brdrs\clbrdrb\brdrw18\brdrs\clbrdrr\brdrw18\brdrs\cellx3200\clbrdrt\brdrw18\brdrs\clbrdrl\brdrw18\brdrs\clbrdrb\brdrw18\brdrs\clbrdrr\brdrw18\brdrs\cellx3850\clbrdrt\brdrw18\brdrs\clbrdrl\brdrw18\brdrs\clbrdrb\brdrw18\brdrs\clbrdrr\brdrw18\brdrs\cellx5050\clbrdrt\brdrw18\brdrs\clbrdrl\brdrw18\brdrs\clbrdrb\brdrw18\brdrs\clbrdrr\brdrw18\brdrs\cellx6250\clbrdrt\brdrw18\brdrs\clbrdrl\brdrw18\brdrs\clbrdrb\brdrw18\brdrs\clbrdrr\brdrw18\brdrs\cellx9500\pard\intbl\sa20\sb20 chr7:2983827-2983827\cell \pard\intbl\sa20\sb20\qc G\cell \pard\intbl\sa20\sb20\qc A\cell \pard\intbl\sa20\sb20\qc 0.341/277\cell \pard\intbl\sa20\sb20\qc 0.000/393\cell \pard\intbl\sa20\sb20\qj CARD11 c.684+19C>T \cell\row}
{\trowd\trgaph70\fs20\clbrdrt\brdrw18\brdrs\clbrdrl\brdrw18\brdrs\clbrdrb\brdrw18\brdrs\clbrdrr\brdrw18\brdrs\cellx2550\clbrdrt\brdrw18\brdrs\clbrdrl\brdrw18\brdrs\clbrdrb\brdrw18\brdrs\clbrdrr\brdrw18\brdrs\cellx3200\clbrdrt\brdrw18\brdrs\clbrdrl\brdrw18\brdrs\clbrdrb\brdrw18\brdrs\clbrdrr\brdrw18\brdrs\cellx3850\clbrdrt\brdrw18\brdrs\clbrdrl\brdrw18\brdrs\clbrdrb\brdrw18\brdrs\clbrdrr\brdrw18\brdrs\cellx5050\clbrdrt\brdrw18\brdrs\clbrdrl\brdrw18\brdrs\clbrdrb\brdrw18\brdrs\clbrdrr\brdrw18\brdrs\cellx6250\clbrdrt\brdrw18\brdrs\clbrdrl\brdrw18\brdrs\clbrdrb\brdrw18\brdrs\clbrdrr\brdrw18\brdrs\cellx9500\pard\intbl\sa20\sb20 chr7:140453135-140453135\cell \pard\intbl\sa20\sb20\qc C\cell \pard\intbl\sa20\sb20\qc T\cell \pard\intbl\sa20\sb20\qc 0.517/568\cell \pard\intbl\sa20\sb20\qc 0.000/656\cell \pard\intbl\sa20\sb20\qj BRAF c.1800G>A p.Val600Val (identisch zu BRAF c.621G>A p.Val207Val, BRAF c.84G>A p.Val28Val)\cell\row}
{\trowd\trgaph70\fs20\clbrdrt\brdrw18\brdrs\clbrdrl\brdrw18\brdrs\clbrdrb\brdrw18\brdrs\clbrdrr\brdrw18\brdrs\cellx2550\clbrdrt\brdrw18\brdrs\clbrdrl\brdrw18\brdrs\clbrdrb\brdrw18\brdrs\clbrdrr\brdrw18\brdrs\cellx3200\clbrdrt\brdrw18\brdrs\clbrdrl\brdrw18\brdrs\clbrdrb\brdrw18\brdrs\clbrdrr\brdrw18\brdrs\cellx3850\clbrdrt\brdrw18\brdrs\clbrdrl\brdrw18\brdrs\clbrdrb\brdrw18\brdrs\clbrdrr\brdrw18\brdrs\cellx5050\clbrdrt\brdrw18\brdrs\clbrdrl\brdrw18\brdrs\clbrdrb\brdrw18\brdrs\clbrdrr\brdrw18\brdrs\cellx6250\clbrdrt\brdrw18\brdrs\clbrdrl\brdrw18\brdrs\clbrdrb\brdrw18\brdrs\clbrdrr\brdrw18\brdrs\cellx9500\pard\intbl\sa20\sb20 chr7:140453136-140453136\cell \pard\intbl\sa20\sb20\qc A\cell \pard\intbl\sa20\sb20\qc T\cell \pard\intbl\sa20\sb20\qc 0.519/568\cell \pard\intbl\sa20\sb20\qc 0.000/661\cell \pard\intbl\sa20\sb20\qj BRAF c.1799T>A p.Val600Glu (identisch zu BRAF c.620T>A p.Val207Glu, BRAF c.83T>A p.Val28Glu)\cell\row}
{\trowd\trgaph70\fs20\clbrdrt\brdrw18\brdrs\clbrdrl\brdrw18\brdrs\clbrdrb\brdrw18\brdrs\clbrdrr\brdrw18\brdrs\cellx2550\clbrdrt\brdrw18\brdrs\clbrdrl\brdrw18\brdrs\clbrdrb\brdrw18\brdrs\clbrdrr\brdrw18\brdrs\cellx3200\clbrdrt\brdrw18\brdrs\clbrdrl\brdrw18\brdrs\clbrdrb\brdrw18\brdrs\clbrdrr\brdrw18\brdrs\cellx3850\clbrdrt\brdrw18\brdrs\clbrdrl\brdrw18\brdrs\clbrdrb\brdrw18\brdrs\clbrdrr\brdrw18\brdrs\cellx5050\clbrdrt\brdrw18\brdrs\clbrdrl\brdrw18\brdrs\clbrdrb\brdrw18\brdrs\clbrdrr\brdrw18\brdrs\cellx6250\clbrdrt\brdrw18\brdrs\clbrdrl\brdrw18\brdrs\clbrdrb\brdrw18\brdrs\clbrdrr\brdrw18\brdrs\cellx9500\pard\intbl\sa20\sb20 chr8:48815129-48815129\cell \pard\intbl\sa20\sb20\qc C\cell \pard\intbl\sa20\sb20\qc T\cell \pard\intbl\sa20\sb20\qc 0.217/258\cell \pard\intbl\sa20\sb20\qc 0.000/404\cell \pard\intbl\sa20\sb20\qj PRKDC c.3269G>A p.Arg1090Lys (identisch zu PRKDC n.3326G>A , PRKDC n.3321G>A )\cell\row}
{\trowd\trgaph70\fs20\clbrdrt\brdrw18\brdrs\clbrdrl\brdrw18\brdrs\clbrdrb\brdrw18\brdrs\clbrdrr\brdrw18\brdrs\cellx2550\clbrdrt\brdrw18\brdrs\clbrdrl\brdrw18\brdrs\clbrdrb\brdrw18\brdrs\clbrdrr\brdrw18\brdrs\cellx3200\clbrdrt\brdrw18\brdrs\clbrdrl\brdrw18\brdrs\clbrdrb\brdrw18\brdrs\clbrdrr\brdrw18\brdrs\cellx3850\clbrdrt\brdrw18\brdrs\clbrdrl\brdrw18\brdrs\clbrdrb\brdrw18\brdrs\clbrdrr\brdrw18\brdrs\cellx5050\clbrdrt\brdrw18\brdrs\clbrdrl\brdrw18\brdrs\clbrdrb\brdrw18\brdrs\clbrdrr\brdrw18\brdrs\cellx6250\clbrdrt\brdrw18\brdrs\clbrdrl\brdrw18\brdrs\clbrdrb\brdrw18\brdrs\clbrdrr\brdrw18\brdrs\cellx9500\pard\intbl\sa20\sb20 chr12:46285797-46285797\cell \pard\intbl\sa20\sb20\qc A\cell \pard\intbl\sa20\sb20\qc T\cell \pard\intbl\sa20\sb20\qc 0.714/213\cell \pard\intbl\sa20\sb20\qc 0.000/541\cell \pard\intbl\sa20\sb20\qj ARID2 c.5065A>T p.Lys1689* (identisch zu ARID2 c.4618A>T p.Lys1540*, ARID2 c.3895A>T p.Lys1299*, ARID2 c.889A>T p.Lys297*)\cell\row}
{\trowd\trgaph70\fs20\clbrdrt\brdrw18\brdrs\clbrdrl\brdrw18\brdrs\clbrdrb\brdrw18\brdrs\clbrdrr\brdrw18\brdrs\cellx2550\clbrdrt\brdrw18\brdrs\clbrdrl\brdrw18\brdrs\clbrdrb\brdrw18\brdrs\clbrdrr\brdrw18\brdrs\cellx3200\clbrdrt\brdrw18\brdrs\clbrdrl\brdrw18\brdrs\clbrdrb\brdrw18\brdrs\clbrdrr\brdrw18\brdrs\cellx3850\clbrdrt\brdrw18\brdrs\clbrdrl\brdrw18\brdrs\clbrdrb\brdrw18\brdrs\clbrdrr\brdrw18\brdrs\cellx5050\clbrdrt\brdrw18\brdrs\clbrdrl\brdrw18\brdrs\clbrdrb\brdrw18\brdrs\clbrdrr\brdrw18\brdrs\cellx6250\clbrdrt\brdrw18\brdrs\clbrdrl\brdrw18\brdrs\clbrdrb\brdrw18\brdrs\clbrdrr\brdrw18\brdrs\cellx9500\pard\intbl\sa20\sb20 chr12:49434964-49434964\cell \pard\intbl\sa20\sb20\qc G\cell \pard\intbl\sa20\sb20\qc A\cell \pard\intbl\sa20\sb20\qc 0.605/133\cell \pard\intbl\sa20\sb20\qc 0.000/414\cell \pard\intbl\sa20\sb20\qj KMT2D c.6589C>T p.Pro2197Ser\cell\row}
{\trowd\trgaph70\fs20\clbrdrt\brdrw18\brdrs\clbrdrl\brdrw18\brdrs\clbrdrb\brdrw18\brdrs\clbrdrr\brdrw18\brdrs\cellx2550\clbrdrt\brdrw18\brdrs\clbrdrl\brdrw18\brdrs\clbrdrb\brdrw18\brdrs\clbrdrr\brdrw18\brdrs\cellx3200\clbrdrt\brdrw18\brdrs\clbrdrl\brdrw18\brdrs\clbrdrb\brdrw18\brdrs\clbrdrr\brdrw18\brdrs\cellx3850\clbrdrt\brdrw18\brdrs\clbrdrl\brdrw18\brdrs\clbrdrb\brdrw18\brdrs\clbrdrr\brdrw18\brdrs\cellx5050\clbrdrt\brdrw18\brdrs\clbrdrl\brdrw18\brdrs\clbrdrb\brdrw18\brdrs\clbrdrr\brdrw18\brdrs\cellx6250\clbrdrt\brdrw18\brdrs\clbrdrl\brdrw18\brdrs\clbrdrb\brdrw18\brdrs\clbrdrr\brdrw18\brdrs\cellx9500\pard\intbl\sa20\sb20 chr19:1220504-1220504\cell \pard\intbl\sa20\sb20\qc G\cell \pard\intbl\sa20\sb20\qc A\cell \pard\intbl\sa20\sb20\qc 0.465/214\cell \pard\intbl\sa20\sb20\qc 0.000/376\cell \pard\intbl\sa20\sb20\qj STK11 c.597G>A p.Glu199Glu (identisch zu STK11 c.*422G>A , STK11 n.687G>A , STK11 c.423G>A p.Glu141Glu)\cell\row}
{\trowd\trgraph180\fs20
\clbrdrt\brdrw18\brdrs\clbrdrl\brdrw18\brdrs\clbrdrb\brdrw18\brdrs\clbrdrr\brdrw18\brdrs\cellx9500
\pard\intbl\sa20\sb20\qc\b {Veränderungen in Blut}\cell\row}
{\trowd\trgraph180\fs20\clbrdrt\brdrw18\brdrs\clbrdrl\brdrw18\brdrs\clbrdrb\brdrw18\brdrs\clbrdrr\brdrw18\brdrs\cellx2550\clbrdrt\brdrw18\brdrs\clbrdrl\brdrw18\brdrs\clbrdrb\brdrw18\brdrs\clbrdrr\brdrw18\brdrs\cellx3200\clbrdrt\brdrw18\brdrs\clbrdrl\brdrw18\brdrs\clbrdrb\brdrw18\brdrs\clbrdrr\brdrw18\brdrs\cellx3850\clbrdrt\brdrw18\brdrs\clbrdrl\brdrw18\brdrs\clbrdrb\brdrw18\brdrs\clbrdrr\brdrw18\brdrs\cellx5050\clbrdrt\brdrw18\brdrs\clbrdrl\brdrw18\brdrs\clbrdrb\brdrw18\brdrs\clbrdrr\brdrw18\brdrs\cellx6250\clbrdrt\brdrw18\brdrs\clbrdrl\brdrw18\brdrs\clbrdrb\brdrw18\brdrs\clbrdrr\brdrw18\brdrs\cellx9500\pard\intbl\sa20\sb20\b\qc Position\cell \pard\intbl\sa20\sb20\qc R\cell \pard\intbl\sa20\sb20\qc V\cell \pard\intbl\sa20\sb20\qc F/T Tumor\cell \pard\intbl\sa20\sb20\qc F/T Normal\cell \pard\intbl\sa20\sb20\qc cDNA\cell\row}
{\trowd\trgaph70\fs20\clbrdrt\brdrw18\brdrs\clbrdrl\brdrw18\brdrs\clbrdrb\brdrw18\brdrs\clbrdrr\brdrw18\brdrs\cellx2550\clbrdrt\brdrw18\brdrs\clbrdrl\brdrw18\brdrs\clbrdrb\brdrw18\brdrs\clbrdrr\brdrw18\brdrs\cellx3200\clbrdrt\brdrw18\brdrs\clbrdrl\brdrw18\brdrs\clbrdrb\brdrw18\brdrs\clbrdrr\brdrw18\brdrs\cellx3850\clbrdrt\brdrw18\brdrs\clbrdrl\brdrw18\brdrs\clbrdrb\brdrw18\brdrs\clbrdrr\brdrw18\brdrs\cellx5050\clbrdrt\brdrw18\brdrs\clbrdrl\brdrw18\brdrs\clbrdrb\brdrw18\brdrs\clbrdrr\brdrw18\brdrs\cellx6250\clbrdrt\brdrw18\brdrs\clbrdrl\brdrw18\brdrs\clbrdrb\brdrw18\brdrs\clbrdrr\brdrw18\brdrs\cellx9500\pard\intbl\sa20\sb20 \highlight1 keine\highlight0\cell \pard\intbl\sa20\sb20\qc \cell \pard\intbl\sa20\sb20\qc \cell \pard\intbl\sa20\sb20\qc \cell \pard\intbl\sa20\sb20\qc \cell \pard\intbl\sa20\sb20\qj \cell\row}
\fs8\line\fs14 Position - chromosomale Position (GRCh37); R - Allel Referenz; V - Allel Variante; F/T Tumor - Frequenz und Tiefe im Tumor;F/T Normal - Frequenz und Tiefe im Normal; cDNA - cDNA Position und Auswirkung Peptid.\fs20
\fs8\line\line\fs14\qj Veränderungen in Blut können ein Hinweis auf eine erbliche Erkrankung darstellen. Wir emfpehlen bei Nachweis eine Vorstellung in einer humangennetischen Beratungsstelle. Folgende Gene wurden in die Auswertung der Blutprobe einbezogen: BRCA1, BRCA2, TP53, STK11, PTEN, MSH2, MSH6, MLH1, PMS2, APC, MUTYH, SMAD4, VHL, MEN1, RET, RB1, TSC1, TSC2, NF2, WT1.
\par}
{\pard\fs24\sa45 CNVs: \par}
\fs8\line\fs14
{\pard\fs20\sa90\qj
Die folgenden Tabellen zeigen das wissenschaftliche Ergebnis der CNV-Analysen, die mit dem CNVHunter Tool durchgeführt wurden. Die Liste der CNVs basiert auf strengen Filterkriterien. Zur Validierung relevanter Veränderungen empfehlen wir eine zweite, unabhängige Methode. Die angegebene geschätzte mediane Copy Number ist abhängig von Tumorgehalt und Verteilung der CNV-tragenden Zellen im Tumorgewebe.
\par}
{\pard\fs20\sb45\sa45
Gefundene CNVs: 11\par}
{\pard\fs20\sa360
{\trowd\trgraph180\fs20
\clbrdrt\brdrw18\brdrs\clbrdrl\brdrw18\brdrs\clbrdrb\brdrw18\brdrs\clbrdrr\brdrw18\brdrs\cellx9500
\pard\intbl\sa20\sb20\qc\b {Veränderungen nur in Tumorgewebe}\cell\row}
{\trowd \trgaph70 \fs20\clbrdrt\brdrw18\brdrs \clbrdrl\brdrw18\brdrs \clbrdrb\brdrw18\brdrs \clbrdrr\brdrw18\brdrs \cellx2550\clbrdrt\brdrw18\brdrs \clbrdrl\brdrw18\brdrs \clbrdrb\brdrw18\brdrs \clbrdrr\brdrw18\brdrs \cellx3800\clbrdrt\brdrw18\brdrs \clbrdrl\brdrw18\brdrs \clbrdrb\brdrw18\brdrs \clbrdrr\brdrw18\brdrs \cellx4800\clbrdrt\brdrw18\brdrs \clbrdrl\brdrw18\brdrs \clbrdrb\brdrw18\brdrs \clbrdrr\brdrw18\brdrs \cellx5300\clbrdrt\brdrw18\brdrs \clbrdrl\brdrw18\brdrs \clbrdrb\brdrw18\brdrs \clbrdrr\brdrw18\brdrs \cellx9500\pard\intbl\sa20\sb20\b\qc Position\cell\pard\intbl\sa20\sb20\qc Größe\cell\pard\intbl\sa20\sb20\qc Typ\cell\pard\intbl\sa20\sb20\qc CN\cell\pard\intbl\sa20\sb20\qc Gene\cell\row}
{\trowd \trgaph70 \fs20\clbrdrt\brdrw18\brdrs \clbrdrl\brdrw18\brdrs \clbrdrb\brdrw18\brdrs \clbrdrr\brdrw18\brdrs \cellx2550\clbrdrt\brdrw18\brdrs \clbrdrl\brdrw18\brdrs \clbrdrb\brdrw18\brdrs \clbrdrr\brdrw18\brdrs \cellx3800\clbrdrt\brdrw18\brdrs \clbrdrl\brdrw18\brdrs \clbrdrb\brdrw18\brdrs \clbrdrr\brdrw18\brdrs \cellx4800\clbrdrt\brdrw18\brdrs \clbrdrl\brdrw18\brdrs \clbrdrb\brdrw18\brdrs \clbrdrr\brdrw18\brdrs \cellx5300\clbrdrt\brdrw18\brdrs \clbrdrl\brdrw18\brdrs \clbrdrb\brdrw18\brdrs \clbrdrr\brdrw18\brdrs \cellx9500\pard\intbl\sa20\sb20 chr5:1253817-39074504\cell\pard\intbl\sa20\sb20\qc 37820688\cell\pard\intbl\sa20\sb20\qc AMP\cell\pard\intbl\sa20\sb20\qc 5\cell\pard\intbl\sa20\sb20\qj IL7R, RICTOR, TERT\cell\row}
{\trowd \trgaph70 \fs20\clbrdrt\brdrw18\brdrs \clbrdrl\brdrw18\brdrs \clbrdrb\brdrw18\brdrs \clbrdrr\brdrw18\brdrs \cellx2550\clbrdrt\brdrw18\brdrs \clbrdrl\brdrw18\brdrs \clbrdrb\brdrw18\brdrs \clbrdrr\brdrw18\brdrs \cellx3800\clbrdrt\brdrw18\brdrs \clbrdrl\brdrw18\brdrs \clbrdrb\brdrw18\brdrs \clbrdrr\brdrw18\brdrs \cellx4800\clbrdrt\brdrw18\brdrs \clbrdrl\brdrw18\brdrs \clbrdrb\brdrw18\brdrs \clbrdrr\brdrw18\brdrs \cellx5300\clbrdrt\brdrw18\brdrs \clbrdrl\brdrw18\brdrs \clbrdrb\brdrw18\brdrs \clbrdrr\brdrw18\brdrs \cellx9500\pard\intbl\sa20\sb20 chr5:170832280-180049864\cell\pard\intbl\sa20\sb20\qc 9217585\cell\pard\intbl\sa20\sb20\qc AMP\cell\pard\intbl\sa20\sb20\qc 3\cell\pard\intbl\sa20\sb20\qj FGFR4, FLT4, NPM1, NSD1\cell\row}
{\trowd \trgaph70 \fs20\clbrdrt\brdrw18\brdrs \clbrdrl\brdrw18\brdrs \clbrdrb\brdrw18\brdrs \clbrdrr\brdrw18\brdrs \cellx2550\clbrdrt\brdrw18\brdrs \clbrdrl\brdrw18\brdrs \clbrdrb\brdrw18\brdrs \clbrdrr\brdrw18\brdrs \cellx3800\clbrdrt\brdrw18\brdrs \clbrdrl\brdrw18\brdrs \clbrdrb\brdrw18\brdrs \clbrdrr\brdrw18\brdrs \cellx4800\clbrdrt\brdrw18\brdrs \clbrdrl\brdrw18\brdrs \clbrdrb\brdrw18\brdrs \clbrdrr\brdrw18\brdrs \cellx5300\clbrdrt\brdrw18\brdrs \clbrdrl\brdrw18\brdrs \clbrdrb\brdrw18\brdrs \clbrdrr\brdrw18\brdrs \cellx9500\pard\intbl\sa20\sb20 chr6:18130873-43748616\cell\pard\intbl\sa20\sb20\qc 25617744\cell\pard\intbl\sa20\sb20\qc AMP\cell\pard\intbl\sa20\sb20\qc 3\cell\pard\intbl\sa20\sb20\qj CCND3, CDKN1A, DAXX, FANCE, FOXP4, GPSM3, MIR4641, NOTCH4, PFDN6, RGL2, TPMT, VEGFA\cell\row}
{\trowd \trgaph70 \fs20\clbrdrt\brdrw18\brdrs \clbrdrl\brdrw18\brdrs \clbrdrb\brdrw18\brdrs \clbrdrr\brdrw18\brdrs \cellx2550\clbrdrt\brdrw18\brdrs \clbrdrl\brdrw18\brdrs \clbrdrb\brdrw18\brdrs \clbrdrr\brdrw18\brdrs \cellx3800\clbrdrt\brdrw18\brdrs \clbrdrl\brdrw18\brdrs \clbrdrb\brdrw18\brdrs \clbrdrr\brdrw18\brdrs \cellx4800\clbrdrt\brdrw18\brdrs \clbrdrl\brdrw18\brdrs \clbrdrb\brdrw18\brdrs \clbrdrr\brdrw18\brdrs \cellx5300\clbrdrt\brdrw18\brdrs \clbrdrl\brdrw18\brdrs \clbrdrb\brdrw18\brdrs \clbrdrr\brdrw18\brdrs \cellx9500\pard\intbl\sa20\sb20 chr6:157511146-162864534\cell\pard\intbl\sa20\sb20\qc 5353389\cell\pard\intbl\sa20\sb20\qc LOSS\cell\pard\intbl\sa20\sb20\qc 1\cell\pard\intbl\sa20\sb20\qj ARID1B, IGF2R, PRKN\cell\row}
{\trowd \trgaph70 \fs20\clbrdrt\brdrw18\brdrs \clbrdrl\brdrw18\brdrs \clbrdrb\brdrw18\brdrs \clbrdrr\brdrw18\brdrs \cellx2550\clbrdrt\brdrw18\brdrs \clbrdrl\brdrw18\brdrs \clbrdrb\brdrw18\brdrs \clbrdrr\brdrw18\brdrs \cellx3800\clbrdrt\brdrw18\brdrs \clbrdrl\brdrw18\brdrs \clbrdrb\brdrw18\brdrs \clbrdrr\brdrw18\brdrs \cellx4800\clbrdrt\brdrw18\brdrs \clbrdrl\brdrw18\brdrs \clbrdrb\brdrw18\brdrs \clbrdrr\brdrw18\brdrs \cellx5300\clbrdrt\brdrw18\brdrs \clbrdrl\brdrw18\brdrs \clbrdrb\brdrw18\brdrs \clbrdrr\brdrw18\brdrs \cellx9500\pard\intbl\sa20\sb20 chr7:2949658-77649318\cell\pard\intbl\sa20\sb20\qc 74699661\cell\pard\intbl\sa20\sb20\qc AMP\cell\pard\intbl\sa20\sb20\qc 3\cell\pard\intbl\sa20\sb20\qj AHR, CARD11, EGFR, EGFR-AS1, HOXA-AS2, HOXA3, IKZF1, INHBA, INHBA-AS1, MAGI2, PMS2, RAC1\cell\row}
{\trowd \trgaph70 \fs20\clbrdrt\brdrw18\brdrs \clbrdrl\brdrw18\brdrs \clbrdrb\brdrw18\brdrs \clbrdrr\brdrw18\brdrs \cellx2550\clbrdrt\brdrw18\brdrs \clbrdrl\brdrw18\brdrs \clbrdrb\brdrw18\brdrs \clbrdrr\brdrw18\brdrs \cellx3800\clbrdrt\brdrw18\brdrs \clbrdrl\brdrw18\brdrs \clbrdrb\brdrw18\brdrs \clbrdrr\brdrw18\brdrs \cellx4800\clbrdrt\brdrw18\brdrs \clbrdrl\brdrw18\brdrs \clbrdrb\brdrw18\brdrs \clbrdrr\brdrw18\brdrs \cellx5300\clbrdrt\brdrw18\brdrs \clbrdrl\brdrw18\brdrs \clbrdrb\brdrw18\brdrs \clbrdrr\brdrw18\brdrs \cellx9500\pard\intbl\sa20\sb20 chr7:78119052-151921726\cell\pard\intbl\sa20\sb20\qc 73802675\cell\pard\intbl\sa20\sb20\qc AMP\cell\pard\intbl\sa20\sb20\qc 3\cell\pard\intbl\sa20\sb20\qj ABCB1, BRAF, CDK6, CUX1, CYP3A4, CYP3A5, EPHB4, EPHB6, EZH2, HGF, KCNH2, KMT2C, MAGI2, MAGI2-AS3, MET, PIK3CG, SMO\cell\row}
{\trowd \trgaph70 \fs20\clbrdrt\brdrw18\brdrs \clbrdrl\brdrw18\brdrs \clbrdrb\brdrw18\brdrs \clbrdrr\brdrw18\brdrs \cellx2550\clbrdrt\brdrw18\brdrs \clbrdrl\brdrw18\brdrs \clbrdrb\brdrw18\brdrs \clbrdrr\brdrw18\brdrs \cellx3800\clbrdrt\brdrw18\brdrs \clbrdrl\brdrw18\brdrs \clbrdrb\brdrw18\brdrs \clbrdrr\brdrw18\brdrs \cellx4800\clbrdrt\brdrw18\brdrs \clbrdrl\brdrw18\brdrs \clbrdrb\brdrw18\brdrs \clbrdrr\brdrw18\brdrs \cellx5300\clbrdrt\brdrw18\brdrs \clbrdrl\brdrw18\brdrs \clbrdrb\brdrw18\brdrs \clbrdrr\brdrw18\brdrs \cellx9500\pard\intbl\sa20\sb20 chr8:9437643-18258411\cell\pard\intbl\sa20\sb20\qc 8820769\cell\pard\intbl\sa20\sb20\qc LOSS\cell\pard\intbl\sa20\sb20\qc 1\cell\pard\intbl\sa20\sb20\qj NAT2, TNKS\cell\row}
{\trowd \trgaph70 \fs20\clbrdrt\brdrw18\brdrs \clbrdrl\brdrw18\brdrs \clbrdrb\brdrw18\brdrs \clbrdrr\brdrw18\brdrs \cellx2550\clbrdrt\brdrw18\brdrs \clbrdrl\brdrw18\brdrs \clbrdrb\brdrw18\brdrs \clbrdrr\brdrw18\brdrs \cellx3800\clbrdrt\brdrw18\brdrs \clbrdrl\brdrw18\brdrs \clbrdrb\brdrw18\brdrs \clbrdrr\brdrw18\brdrs \cellx4800\clbrdrt\brdrw18\brdrs \clbrdrl\brdrw18\brdrs \clbrdrb\brdrw18\brdrs \clbrdrr\brdrw18\brdrs \cellx5300\clbrdrt\brdrw18\brdrs \clbrdrl\brdrw18\brdrs \clbrdrb\brdrw18\brdrs \clbrdrr\brdrw18\brdrs \cellx9500\pard\intbl\sa20\sb20 chr14:105614083-105617758\cell\pard\intbl\sa20\sb20\qc 3676\cell\pard\intbl\sa20\sb20\qc AMP\cell\pard\intbl\sa20\sb20\qc 3\cell\pard\intbl\sa20\sb20\qj JAG2\cell\row}
{\trowd \trgaph70 \fs20\clbrdrt\brdrw18\brdrs \clbrdrl\brdrw18\brdrs \clbrdrb\brdrw18\brdrs \clbrdrr\brdrw18\brdrs \cellx2550\clbrdrt\brdrw18\brdrs \clbrdrl\brdrw18\brdrs \clbrdrb\brdrw18\brdrs \clbrdrr\brdrw18\brdrs \cellx3800\clbrdrt\brdrw18\brdrs \clbrdrl\brdrw18\brdrs \clbrdrb\brdrw18\brdrs \clbrdrr\brdrw18\brdrs \cellx4800\clbrdrt\brdrw18\brdrs \clbrdrl\brdrw18\brdrs \clbrdrb\brdrw18\brdrs \clbrdrr\brdrw18\brdrs \cellx5300\clbrdrt\brdrw18\brdrs \clbrdrl\brdrw18\brdrs \clbrdrb\brdrw18\brdrs \clbrdrr\brdrw18\brdrs \cellx9500\pard\intbl\sa20\sb20 chr15:90627472-90634901\cell\pard\intbl\sa20\sb20\qc 7430\cell\pard\intbl\sa20\sb20\qc LOSS\cell\pard\intbl\sa20\sb20\qc 1\cell\pard\intbl\sa20\sb20\qj IDH2\cell\row}
{\trowd \trgaph70 \fs20\clbrdrt\brdrw18\brdrs \clbrdrl\brdrw18\brdrs \clbrdrb\brdrw18\brdrs \clbrdrr\brdrw18\brdrs \cellx2550\clbrdrt\brdrw18\brdrs \clbrdrl\brdrw18\brdrs \clbrdrb\brdrw18\brdrs \clbrdrr\brdrw18\brdrs \cellx3800\clbrdrt\brdrw18\brdrs \clbrdrl\brdrw18\brdrs \clbrdrb\brdrw18\brdrs \clbrdrr\brdrw18\brdrs \cellx4800\clbrdrt\brdrw18\brdrs \clbrdrl\brdrw18\brdrs \clbrdrb\brdrw18\brdrs \clbrdrr\brdrw18\brdrs \cellx5300\clbrdrt\brdrw18\brdrs \clbrdrl\brdrw18\brdrs \clbrdrb\brdrw18\brdrs \clbrdrr\brdrw18\brdrs \cellx9500\pard\intbl\sa20\sb20 chr19:2220081-3113507\cell\pard\intbl\sa20\sb20\qc 893427\cell\pard\intbl\sa20\sb20\qc AMP\cell\pard\intbl\sa20\sb20\qc 4\cell\pard\intbl\sa20\sb20\qj DOT1L, GNA11\cell\row}
{\trowd \trgaph70 \fs20\clbrdrt\brdrw18\brdrs \clbrdrl\brdrw18\brdrs \clbrdrb\brdrw18\brdrs \clbrdrr\brdrw18\brdrs \cellx2550\clbrdrt\brdrw18\brdrs \clbrdrl\brdrw18\brdrs \clbrdrb\brdrw18\brdrs \clbrdrr\brdrw18\brdrs \cellx3800\clbrdrt\brdrw18\brdrs \clbrdrl\brdrw18\brdrs \clbrdrb\brdrw18\brdrs \clbrdrr\brdrw18\brdrs \cellx4800\clbrdrt\brdrw18\brdrs \clbrdrl\brdrw18\brdrs \clbrdrb\brdrw18\brdrs \clbrdrr\brdrw18\brdrs \cellx5300\clbrdrt\brdrw18\brdrs \clbrdrl\brdrw18\brdrs \clbrdrb\brdrw18\brdrs \clbrdrr\brdrw18\brdrs \cellx9500\pard\intbl\sa20\sb20 chr19:50902080-52729259\cell\pard\intbl\sa20\sb20\qc 1827180\cell\pard\intbl\sa20\sb20\qc AMP\cell\pard\intbl\sa20\sb20\qc 3\cell\pard\intbl\sa20\sb20\qj POLD1, PPP2R1A\cell\row}
\fs8 \line \fs14 Position - chromosomale Position (GRCh37); Größe - CNV-Größe in Basenpaaren; Typ - Verlust (LOSS) oder Amplifikation (AMP);CN - geschätzte mediane Copy Number in dieser chrom. Region;Gene - Gene in dieser Region.\fs20
\par}
{\pard \fs20 
{\trowd \trgaph70 \fs20\cellx1800 \cellx9000\pard\intbl Amplifizierte Gene:\cell\pard\intbl\qj {IL7R, RICTOR, TERT, FGFR4, FLT4, NPM1, NSD1, CCND3, CDKN1A, DAXX, FANCE, FOXP4, GPSM3, MIR4641, NOTCH4, PFDN6, RGL2, TPMT, VEGFA, AHR, CARD11, EGFR, EGFR-AS1, HOXA-AS2, HOXA3, IKZF1, INHBA, INHBA-AS1, MAGI2, PMS2, RAC1, ABCB1, BRAF, CDK6, CUX1, CYP3A4, CYP3A5, EPHB4, EPHB6, EZH2, HGF, KCNH2, KMT2C, MAGI2-AS3, MET, PIK3CG, SMO, JAG2, DOT1L, GNA11, POLD1, PPP2R1A}\cell\row}{\trowd \trgraph180 \fs20\cellx1800 \cellx9000\pard\intbl Deletierte Gene:\cell\pard\intbl\qj {ARID1B, IGF2R, PRKN, NAT2, TNKS, IDH2}\cell\row}
\par}
}