##NA12878_17 ref_correl: 0.987 (median: 0.992)
##NA12878_17 cnvs: 0 (median: 0)
##NA12878_17 qc_errors: 
#chr	start	end	sample	size	region_count	region_copy_numbers	region_zscores	region_coordinates	genes
