##ANALYSISTYPE=GERMLINE_TRIO
##PIPELINE=megSAP 0.1-754-g14559e5
##SAMPLE=<ID=GS140550_01,Gender=male,ExternalSampleName=131751,IsTumor=no,IsFFPE=no,DiseaseGroup=n/a,DiseaseStatus=control>
##SAMPLE=<ID=GS140549_01,Gender=female,ExternalSampleName=131752,IsTumor=no,IsFFPE=no,DiseaseGroup=n/a,DiseaseStatus=control>
##SAMPLE=<ID=GS140127_01,Gender=male,ExternalSampleName=131787,IsTumor=no,IsFFPE=no,DiseaseGroup=n/a,DiseaseStatus=affected>
##DESCRIPTION=GS140550_01=genotype of sample GS140550_01
##DESCRIPTION=GS140549_01=genotype of sample GS140549_01
##DESCRIPTION=GS140127_01=genotype of sample GS140127_01
##DESCRIPTION=filter=Annotations for filtering and ranking variants.
##DESCRIPTION=quality=Quality parameters - SNP quality (QUAL), depth (DP), allele frequency (AF), mean mapping quality of alternate allele (MQM).
##DESCRIPTION=gene=Affected gene list (comma-separated).
##DESCRIPTION=variant_type=Variant type.
##DESCRIPTION=coding_and_splicing=Coding and splicing details (Gene, ENST number, type, impact, exon number, HGVS.c, HGVS.p).
##DESCRIPTION=RepeatMasker=RepeatMasker annotation.
##DESCRIPTION=dbSNP=Identifier in dbSNP database.
##DESCRIPTION=1000g=Allele frequency in all populations of 1000g project.
##DESCRIPTION=ExAC=Allele frequency in all populations of ExAC project.
##DESCRIPTION=ExAC_hom=Homoyzgous counts for populations ALL, NFE and AFR of ExAC project.
##DESCRIPTION=ExAC_sub=Sub-population allele frequenciens for populations AFR,AMR,EAS,NFE,SAS of ExAC project.
##DESCRIPTION=gnomAD=Allele frequency in gnomAD database.
##DESCRIPTION=phyloP=phyloP (100way vertebrate) annotation. Deleterious threshold > 1.6.
##DESCRIPTION=Sift=Sift effect prediction: D=damaging, T=tolerated.
##DESCRIPTION=MetaLR=MetaLR effect prediction: D=damaging, T=tolerated.
##DESCRIPTION=PolyPhen2=PolyPhen2 (HVAR) effect prediction: D=probably damaging, P=possibly damaging, B=benign.
##DESCRIPTION=FATHMM=FATHMM effect prediction: D=damaging, T=tolerated.
##DESCRIPTION=CADD=CADD pathogenicity prediction scores (scaled phred-like). Deleterious threshold > 15-20.
##DESCRIPTION=OMIM=OMIM database annotation.
##DESCRIPTION=ClinVar=ClinVar database annotation.
##DESCRIPTION=HGMD=HGMD database annotation.
##DESCRIPTION=COSMIC=COSMIC somatic variant database anntotation.
##DESCRIPTION=ihdb_allsys_hom=Homozygous variant counts in NGSD independent of the processing system.
##DESCRIPTION=ihdb_allsys_het=Heterozygous variant counts in NGSD independent of the processing system.
##DESCRIPTION=classification=Classification from the NGSD.
##DESCRIPTION=classification_comment=Classification comment from the NGSD.
##DESCRIPTION=validated=Validation information from the NGSD. Validation results of other samples are listed in brackets!
##DESCRIPTION=comment=Variant comments from the NGSD.
##DESCRIPTION=gene_info=Gene information from NGSD (inheritance mode, ExAC pLI score).
##FILTER=gene_blacklist=The gene(s) are contained on the blacklist of unreliable genes.
##FILTER=off-target=Variant marked as 'off-target'.
#chr	start	end	ref	obs	GS140550_01	GS140549_01	GS140127_01	filter	quality	gene	variant_type	coding_and_splicing	RepeatMasker	dbSNP	1000g	ExAC	ExAC_hom	ExAC_sub	gnomAD	phyloP	Sift	MetaLR	PolyPhen2	FATHMM	CADD	OMIM	ClinVar	HGMD	COSMIC	ihdb_allsys_hom	ihdb_allsys_het	classification	classification_comment	validated	comment	gene_info
chr1	98460060	98460060	A	C	het	wt	het		QUAL=2965;DP=88,63,160;AF=0.51,0.00,0.48;MQM=60	MIR137HG			AluSx		0.0000	0.0000	0,0,0	0,0,0,0,0	0.0000											0	2					MIR137HG (inh=n/a pLI=n/a)
chr1	98465840	98465840	G	A	wt	het	het		QUAL=5673;DP=308,226,284;AF=0.00,0.42,0.48;MQM=60	MIR137HG			L2a	rs116319667	0.0046	0.0000	0,0,0	0,0,0,0,0	0.0089											0	7					MIR137HG (inh=n/a pLI=n/a)
chr1	98469687	98469687	A	-	het	wt	het		QUAL=6758;DP=317,251,226;AF=0.50,0.00,0.47;MQM=60	MIR137HG				rs564190891	0.0036	0.0000	0,0,0	0,0,0,0,0	0.0017											0	2					MIR137HG (inh=n/a pLI=n/a)
chr8	144989452	144989452	T	C	het	wt	het	gene_blacklist	QUAL=1204;DP=66,53,21;AF=0.56,0.00,0.52;MQM=60	PLEC	3'UTR	PLEC:ENST00000322810:3'UTR:MODIFIER:exon32/32:c.*893A>G:,PLEC:ENST00000345136:3'UTR:MODIFIER:exon32/32:c.*893A>G:,PLEC:ENST00000357649:3'UTR:MODIFIER:exon32/32:c.*893A>G:,PLEC:ENST00000354589:3'UTR:MODIFIER:exon32/32:c.*893A>G:,PLEC:ENST00000398774:3'UTR:MODIFIER:exon32/32:c.*893A>G:,PLEC:ENST00000354958:3'UTR:MODIFIER:exon32/32:c.*893A>G:,PLEC:ENST00000356346:3'UTR:MODIFIER:exon32/32:c.*893A>G:,PLEC:ENST00000436759:3'UTR:MODIFIER:exon33/33:c.*893A>G:		rs189205952	0.0006	0.0000	0,0,0	0,0,0,0,0	0.0005							601282 [PLEC (confirmed) Epidermolysis bullosa simplex with muscular dystrophy,226670|Epidermolysis bullosa simplex,Ogna type,131950|Epidermolysis bullosa simplex with pyloric atresia,612138|Muscular dystrophy,limb-girdle,type 2Q,613723|Epidermolysis bullosa simplex with nail dystrophy,616487];				0	2					PLEC (inh=AR+AD pLI=0.04)
chr8	145024450	145024450	C	T	wt	het	het	gene_blacklist	QUAL=4590;DP=329,261,98;AF=0.00,0.54,0.52;MQM=60	PLEC	missense,intron	PLEC:ENST00000322810:missense:MODERATE:exon1/32:c.425G>A:p.Arg142Gln,PLEC:ENST00000354958:intron:MODIFIER:exon1/31:c.46+3444G>A:,PLEC:ENST00000356346:intron:MODIFIER:exon1/31:c.71-11590G>A:,PLEC:ENST00000436759:intron:MODIFIER:exon2/32:c.194-11590G>A:,PLEC:ENST00000527096:intron:MODIFIER:exon1/31:c.194-11590G>A:		rs558227477	0.0000	0.0000	0,0,0	0,0,0,0,0	0.0001	2.5110	D	T	B	T	23.50	601282 [PLEC (confirmed) Epidermolysis bullosa simplex with muscular dystrophy,226670|Epidermolysis bullosa simplex,Ogna type,131950|Epidermolysis bullosa simplex with pyloric atresia,612138|Muscular dystrophy,limb-girdle,type 2Q,613723|Epidermolysis bullosa simplex with nail dystrophy,616487];				0	2					PLEC (inh=AR+AD pLI=0.04)
chr17	62006129	62006129	-	G	het	wt	het		QUAL=934;DP=37,34,59;AF=0.54,0.00,0.49;MQM=60	CD79B	3'UTR	CD79B:ENST00000392795:3'UTR:MODIFIER:exon6/6:c.*456dupC:,CD79B:ENST00000006750:3'UTR:MODIFIER:exon6/6:c.*456dupC:		rs554643850	0.0014	0.0000	0,0,0	0,0,0,0,0	0.0051							147245 [CD79B (provisional) Agammaglobulinemia 6,612692];				0	3					CD79B (inh=AR pLI=0.94)
chr17	62006406	62006406	A	G	wt	het	het		QUAL=1802;DP=127,64,96;AF=0.00,0.45,0.48;MQM=60	CD79B	3'UTR	CD79B:ENST00000392795:3'UTR:MODIFIER:exon6/6:c.*180T>C:,CD79B:ENST00000006750:3'UTR:MODIFIER:exon6/6:c.*180T>C:		rs147717759	0.0030	0.0000	0,0,0	0,0,0,0,0	0.0060							147245 [CD79B (provisional) Agammaglobulinemia 6,612692];				0	7					CD79B (inh=AR pLI=0.94)
