##ANALYSISTYPE=GERMLINE_TRIO
##PIPELINE=megSAP 0.1-754-g14559e5
##SAMPLE=<ID=GS140550_01,Gender=male,ExternalSampleName=131751,IsTumor=no,IsFFPE=no,DiseaseGroup=n/a,DiseaseStatus=control>
##SAMPLE=<ID=GS140549_01,Gender=female,ExternalSampleName=131752,IsTumor=no,IsFFPE=no,DiseaseGroup=n/a,DiseaseStatus=control>
##SAMPLE=<ID=GS140127_01,Gender=male,ExternalSampleName=131787,IsTumor=no,IsFFPE=no,DiseaseGroup=n/a,DiseaseStatus=affected>
##DESCRIPTION=GS140550_01=genotype of sample GS140550_01
##DESCRIPTION=GS140549_01=genotype of sample GS140549_01
##DESCRIPTION=GS140127_01=genotype of sample GS140127_01
##DESCRIPTION=filter=Annotations for filtering and ranking variants.
##DESCRIPTION=quality=Quality parameters - SNP quality (QUAL), depth (DP), allele frequency (AF), mean mapping quality of alternate allele (MQM).
##DESCRIPTION=gene=Affected gene list (comma-separated).
##DESCRIPTION=variant_type=Variant type.
##DESCRIPTION=coding_and_splicing=Coding and splicing details (Gene, ENST number, type, impact, exon number, HGVS.c, HGVS.p).
##DESCRIPTION=RepeatMasker=RepeatMasker annotation.
##DESCRIPTION=dbSNP=Identifier in dbSNP database.
##DESCRIPTION=1000g=Allele frequency in all populations of 1000g project.
##DESCRIPTION=ExAC=Allele frequency in all populations of ExAC project.
##DESCRIPTION=ExAC_hom=Homoyzgous counts for populations ALL, NFE and AFR of ExAC project.
##DESCRIPTION=ExAC_sub=Sub-population allele frequenciens for populations AFR,AMR,EAS,NFE,SAS of ExAC project.
##DESCRIPTION=gnomAD=Allele frequency in gnomAD database.
##DESCRIPTION=phyloP=phyloP (100way vertebrate) annotation. Deleterious threshold > 1.6.
##DESCRIPTION=Sift=Sift effect prediction: D=damaging, T=tolerated.
##DESCRIPTION=MetaLR=MetaLR effect prediction: D=damaging, T=tolerated.
##DESCRIPTION=PolyPhen2=PolyPhen2 (HVAR) effect prediction: D=probably damaging, P=possibly damaging, B=benign.
##DESCRIPTION=FATHMM=FATHMM effect prediction: D=damaging, T=tolerated.
##DESCRIPTION=CADD=CADD pathogenicity prediction scores (scaled phred-like). Deleterious threshold > 15-20.
##DESCRIPTION=OMIM=OMIM database annotation.
##DESCRIPTION=ClinVar=ClinVar database annotation.
##DESCRIPTION=HGMD=HGMD database annotation.
##DESCRIPTION=COSMIC=COSMIC somatic variant database anntotation.
##DESCRIPTION=ihdb_allsys_hom=Homozygous variant counts in NGSD independent of the processing system.
##DESCRIPTION=ihdb_allsys_het=Heterozygous variant counts in NGSD independent of the processing system.
##DESCRIPTION=classification=Classification from the NGSD.
##DESCRIPTION=classification_comment=Classification comment from the NGSD.
##DESCRIPTION=validated=Validation information from the NGSD. Validation results of other samples are listed in brackets!
##DESCRIPTION=comment=Variant comments from the NGSD.
##DESCRIPTION=gene_info=Gene information from NGSD (inheritance mode, ExAC pLI score).
##FILTER=gene_blacklist=The gene(s) are contained on the blacklist of unreliable genes.
##FILTER=off-target=Variant marked as 'off-target'.
#chr	start	end	ref	obs	GS140550_01	GS140549_01	GS140127_01	filter	quality	gene	variant_type	coding_and_splicing	RepeatMasker	dbSNP	1000g	ExAC	ExAC_hom	ExAC_sub	gnomAD	phyloP	Sift	MetaLR	PolyPhen2	FATHMM	CADD	OMIM	ClinVar	HGMD	COSMIC	ihdb_allsys_hom	ihdb_allsys_het	classification	classification_comment	validated	comment	gene_info
chr1	215960153	215960153	A	C	wt	wt	het	gene_blacklist	QUAL=30;DP=279,232,230;AF=0.02,0.01,0.35;MQM=59	USH2A	missense	USH2A:ENST00000366943:missense:MODERATE:exon52/73:c.10246T>G:p.Cys3416Gly,USH2A:ENST00000307340:missense:MODERATE:exon52/72:c.10246T>G:p.Cys3416Gly		rs527236140	0.0000	0.3805	0,0,0	0.4202,0.4444,0.4413,0.3697,0.2984	0.2227	5.2280	D,D	T	D	T,T	25.20	608400 [USH2A (confirmed) Usher syndrome,type 2A,276901|Retinitis pigmentosa 39,613809];	143168 [likely benign DISEASE=not_provided]; 	CM135012 [CLASS=DM MUT=ALT PHEN="Usher syndrome" GENE=USH2A]; 	COSM130095, COSM4143327	n/a (AF>5%)	n/a (AF>5%)					USH2A (inh=AR pLI=0.00)
