##DESCRIPTION=filter=Annotations for filtering and ranking variants.
##DESCRIPTION=quality=Quality parameters - SNP quality (QUAL), depth (DP), allele frequency (AF), mean mapping quality of alternate allele (MQM), genotype, depth and allele frequency for child, mother and father (TRIO).
##DESCRIPTION=gene=Affected gene list (comma-separated).
##DESCRIPTION=variant_type=Variant type.
##DESCRIPTION=coding_and_splicing=Coding and splicing details (Gene, NM number, type, impact, exon number, HGVS.c, HGVS.p).
##DESCRIPTION=RepeatMasker=RepeatMasker annotation.
##DESCRIPTION=dbSNP=Identifier in dbSNP database.
##DESCRIPTION=1000g=Allele frequency in all populations of 1000g project.
##DESCRIPTION=ExAC=Allele frequency in all populations of ExAC project.
##DESCRIPTION=ExAC_hom=Homoyzgous counts for populations ALL, NFE and AFR of ExAC project.
##DESCRIPTION=Kaviar=Allele frequency in Kaviar database.
##DESCRIPTION=phyloP=phyloP (100way vertebrate) annotation. Deleterious threshold > 1.6.
##DESCRIPTION=MetaLR=MetaLR effect prediction: D=damaging, T=tolerated.
##DESCRIPTION=Sift=Sift effect prediction: D=damaging, T=tolerated.
##DESCRIPTION=PP2_HVAR=Polyphen2 (HVAR) effect prediction: D=probably damaging, P=possibly damaging, B=benign.
##DESCRIPTION=PP2_HDIV=Polyphen2 (HDIV) effect prediction: D=probably damaging, P=possibly damaging, B=benign.
##DESCRIPTION=OMIM=OMIM database annotation.
##DESCRIPTION=ClinVar=ClinVar database annotation.
##DESCRIPTION=HGMD=HGMD database annotation.
##DESCRIPTION=COSMIC=COSMIC somatic variant database anntotation.
##DESCRIPTION=ihdb_allsys_hom=Homozygous variant counts in NGSD independent of the processing system.
##DESCRIPTION=ihdb_allsys_het=Heterozygous variant counts in NGSD independent of the processing system.
##DESCRIPTION=classification=Classification from the NGSD.
##DESCRIPTION=classification_comment=Classification comment from the NGSD.
##DESCRIPTION=validated=Validation information from the NGSD. Validation results of other samples are listed in brackets!
##DESCRIPTION=comment=Comments from the NGSD. Comments of other samples are listed in brackets!
##DESCRIPTION=gene_info=Gene information from NGSD (inheritance mode, ExAC pLI score).
##FILTER=anno_high_impact=Variant annotated to have high impact by SnpEff.
##FILTER=anno_pathogenic_clinvar=Variant annotated to be pathogenic by ClinVar.
##FILTER=anno_pathogenic_hgmd=Variant annotated to be pathogenic by HGMD.
##FILTER=low_DP=Depth less than 20.
##FILTER=low_MQM=Mean mapping quality of alternate allele less than Q50.
##FILTER=low_QUAL=Variant quality less than Q30.
##FILTER=phylop_high=PhyloP value higher than 1.6 i.e. highly-conserved base and possibly pathognic.
##FILTER=pred_pathogenic_1=Variant predicted pathogenic by one of the prediction tools.
##FILTER=pred_pathogenic_2=Variant predicted pathogenic by two of the prediction tools.
##FILTER=pred_pathogenic_3=Variant predicted pathogenic by three of the prediction tools.
##FILTER=pred_pathogenic_4=Variant predicted pathogenic by four of the prediction tools.
#chr	start	end	ref	obs	genotype	filter	quality	gene	variant_type	coding_and_splicing	RepeatMasker	dbSNP	1000g	ExAC	ExAC_hom	Kaviar	phyloP	MetaLR	Sift	PP2_HVAR	PP2_HDIV	OMIM	ClinVar	HGMD	COSMIC	ihdb_allsys_hom	ihdb_allsys_het	classification	classification_comment	validated	comment	gene_info
chr2	212578380	212578380	A	-	het		QUAL=685;DP=209;AF=0.44;MQM=60	ERBB4	splice_region&intron	ERBB4:NM_005235.2:splice_region&intron:LOW:exon7/27:c.884-7delT:,ERBB4:NM_001042599.1:splice_region&intron:LOW:exon7/26:c.884-7delT:		rs397987661;rs67894136	0.4429	0.4628	990/560/116	0.0413						600543 [ERBB4 (provisional) Amyotrophic lateral sclerosis 19];				65	376					ERBB4 (inh=n/a pLI=1.00)
chr4	55133726	55133726	T	G	het		QUAL=2017;DP=233;AF=0.53;MQM=60	PDGFRA	synonymous	PDGFRA:NM_006206.4:synonymous:LOW:exon7/23:c.939T>G:p.Gly313Gly		rs4358459	0.2342	0.1775	2604/464/318	0.1737						173490 [PDGFRA (confirmed) Gastrointestinal stromal tumor,somatic|Hypereosinophilic syndrome,idiopathic,resistant to imatinib];			COSM1666925	17	201					PDGFRA (inh=n/a pLI=1.00)
chr4	55139771	55139771	T	C	het		QUAL=1549;DP=151;AF=0.45;MQM=60	PDGFRA	missense	PDGFRA:NM_006206.4:missense:MODERATE:exon10/23:c.1432T>C:p.Ser478Pro		rs35597368	0.1993	0.1516	1714/361/263	0.1474	-1.2390	T	T	B,B	B,B	173490 [PDGFRA (confirmed) Gastrointestinal stromal tumor,somatic|Hypereosinophilic syndrome,idiopathic,resistant to imatinib];	RCV000034716.1 [benign]; RCV000121780.1 [not provided]; 			15	188					PDGFRA (inh=n/a pLI=1.00)
chr4	55141055	55141055	A	G	hom		QUAL=5767;DP=199;AF=1.00;MQM=60	PDGFRA	synonymous	PDGFRA:NM_006206.4:synonymous:LOW:exon12/23:c.1701A>G:p.Pro567Pro		rs1873778	0.9577	0.9880	59312/33257/4035	0.9661						173490 [PDGFRA (confirmed) Gastrointestinal stromal tumor,somatic|Hypereosinophilic syndrome,idiopathic,resistant to imatinib];			COSM1430082	1087	13					PDGFRA (inh=n/a pLI=1.00)
chr4	55152040	55152040	C	T	het		QUAL=3792;DP=474;AF=0.44;MQM=60	PDGFRA	synonymous	PDGFRA:NM_006206.4:synonymous:LOW:exon18/23:c.2472C>T:p.Val824Val		rs2228230	0.2404	0.1820	2446/633/571	0.1787						173490 [PDGFRA (confirmed) Gastrointestinal stromal tumor,somatic|Hypereosinophilic syndrome,idiopathic,resistant to imatinib];			COSM22413	27	244					PDGFRA (inh=n/a pLI=1.00)
chr4	55602765	55602765	G	C	het		QUAL=3749;DP=486;AF=0.53;MQM=60	KIT	synonymous	KIT:NM_000222.2:synonymous:LOW:exon18/21:c.2586G>C:p.Leu862Leu,KIT:NM_001093772.1:synonymous:LOW:exon18/21:c.2574G>C:p.Leu858Leu		rs3733542	0.1641	0.1159	1130/414/585	0.1141						164920 [KIT (confirmed) Piebaldism|Gastrointestinal stromal tumor,familial|Mast cell disease|Leukemia,acute myeloid|Germ cell tumors];		CM058344 [CLASS=FP MUT=ALT PHEN="Altered miRNA:target gene mRNA duplex conformation" GENE=KIT]; 	COSM1325	10	199					KIT (inh=n/a pLI=1.00)
chr7	55249063	55249063	G	A	het		QUAL=973;DP=195;AF=0.44;MQM=60	EGFR,EGFR-AS1	synonymous,non_coding_exon	EGFR:NM_005228.3:synonymous:LOW:exon20/28:c.2361G>A:p.Gln787Gln,EGFR-AS1:NR_047551.1:non_coding_exon:MODIFIER:exon2/2:n.1201C>T:		rs1050171	0.4327	0.5228	17579/11789/912	0.5176						131550 [EGFR (confirmed) Nonsmall cell lung cancer,response to tyrosine kinase inhibitor in|Adenocarcinoma of lung,response to tyrosine kinase inhibitor in|Nonsmall cell lung cancer,susceptibility to|Inflammatory skin and bowel disease,neonatal,2];	RCV000038427.2 [benign]; 	CM067987 [CLASS=DP MUT=ALT PHEN="Lung cancer association with" GENE=EGFR]; 	COSM1451600	397	551					EGFR (inh=n/a pLI=1.00), EGFR-AS1 (inh=n/a pLI=n/a)
chr7	128846328	128846328	G	C	hom		QUAL=8529;DP=306;AF=0.99;MQM=60	SMO	synonymous	SMO:NM_005631.4:synonymous:LOW:exon6/12:c.1164G>C:p.Gly388Gly		rs2228617	0.7562	0.7975	38862/23503/2520	0.7922						601500 [SMO (provisional) Basal cell carcinoma,somatic];			COSM4004294	1414	419					SMO (inh=n/a pLI=0.06)
chr9	21975017	21975017	C	T	hom		QUAL=3836;DP=188;AF=1.00;MQM=60	CDKN2A	5'UTR,intron	CDKN2A:NM_001195132.1:5'UTR:MODIFIER:exon1/4:c.-191G>A:,CDKN2A:NM_000077.4:5'UTR:MODIFIER:exon1/3:c.-191G>A:,CDKN2A:NM_058195.3:intron:MODIFIER:exon1/2:c.194-3810G>A:		rs3814960	0.4878	0.0000	0/0/0	0.0973						156540 [MTAP (confirmed) Diaphyseal medullary stenosis with malignant fibrous histiocytoma]:600160 [CDKN2A (confirmed) Melanoma,cutaneous malignant,2|Melanoma and neural system tumor syndrome|Pancreatic cancer/melanoma syndrome|Orolaryngeal cancer,multiple,];				48	41					CDKN2A (inh=n/a pLI=0.36)
chr9	139397707	139397707	G	A	hom	low_DP	QUAL=274;DP=11;AF=1.00;MQM=60	NOTCH1	synonymous	NOTCH1:NM_017617.4:synonymous:LOW:exon27/34:c.5094C>T:p.Asp1698Asp		rs10521	0.5535	0.4443	13074/4379/1337	0.4364						190198 [NOTCH1 (confirmed) Aortic valve disease 1|Adams-Oliver syndrome 5];			COSM33747, COSM1461158	151	488					NOTCH1 (inh=AD pLI=1.00)
chr10	43613843	43613843	G	T	hom		QUAL=4156;DP=202;AF=1.00;MQM=60	RET	synonymous	RET:NM_020975.4:synonymous:LOW:exon13/20:c.2307G>T:p.Leu769Leu,RET:NM_020630.4:synonymous:LOW:exon13/19:c.2307G>T:p.Leu769Leu		rs1800861	0.7125	0.7419	33769/19608/4074	0.7333						164761 [RET (confirmed) Multiple endocrine neoplasia IIA|Medullary thyroid carcinoma|Multiple endocrine neoplasia IIB|Central hypoventilation syndrome,congenital|Pheochromocytoma|Renal agenesis|Hirschsprung disease,susceptibility to,1];	RCV000021844.1 [benign]; RCV000127779.1 [benign]; RCV000154625.1 [benign]; RCV000203706.1 [benign]; RCV000153835.3 [benign]; 	CM014825 [CLASS=DP MUT=REF PHEN="Hirschsprung disease association with" GENE=RET]; 		1485	940	1	[1] Ilnaz Sepahi 29-03-2016 batch import			RET (inh=n/a pLI=1.00)
chr10	89725231	89725231	T	A	het	low_MQM	QUAL=172;DP=192;AF=0.31;MQM=39	PTEN	3'UTR	PTEN:NM_001304717.2:3'UTR:MODIFIER:exon10/10:c.*2T>A:,PTEN:NM_000314.6:3'UTR:MODIFIER:exon9/9:c.*2T>A:,PTEN:NM_001304718.1:3'UTR:MODIFIER:exon9/9:c.*2T>A:			0.0000	0.0000	0/0/0	0.0000										0	17					PTEN (inh=AD pLI=0.98)
chr13	28610183	28610183	A	G	het		QUAL=5168;DP=558;AF=0.49;MQM=60	FLT3	splice_region&intron	FLT3:NM_004119.2:splice_region&intron:LOW:exon10/23:c.1310-3T>C:,FLT3:NR_130706.1:splice_region&intron:LOW:exon10/24:n.1392-3T>C:		rs2491231	0.5633	0.6993	30936/19787/399	0.6761						136351 [FLT3 (confirmed) Leukemia,acute myeloid,reduced survival in,somatic|Leukemia,acute myeloid,somatic|Leukemia,acute lymphoblastic,somatic];			COSM3999060	581	405					FLT3 (inh=n/a pLI=0.61)
chr17	7579472	7579472	G	C	het	low_DP	QUAL=204;DP=14;AF=0.71;MQM=60	TP53	missense	TP53:NM_000546.5:missense:MODERATE:exon4/11:c.215C>G:p.Pro72Arg,TP53:NM_001126112.2:missense:MODERATE:exon4/11:c.215C>G:p.Pro72Arg,TP53:NM_001126113.2:missense:MODERATE:exon4/12:c.215C>G:p.Pro72Arg,TP53:NM_001126114.2:missense:MODERATE:exon4/12:c.215C>G:p.Pro72Arg,TP53:NM_001126118.1:missense:MODERATE:exon3/10:c.98C>G:p.Pro33Arg,TP53:NM_001276695.1:missense:MODERATE:exon4/12:c.98C>G:p.Pro33Arg,TP53:NM_001276696.1:missense:MODERATE:exon4/12:c.98C>G:p.Pro33Arg,TP53:NM_001276760.1:missense:MODERATE:exon4/11:c.98C>G:p.Pro33Arg,TP53:NM_001276761.1:missense:MODERATE:exon4/11:c.98C>G:p.Pro33Arg		rs1042522	0.5429	0.6600	27306/18000/773	0.6429	1.0150	T	T,T,T,T,T,T,T,T,T	B,B,B,B,P	B,B,B,B,B	191170 [TP53 (confirmed) Colorectal cancer|Li-Fraumeni syndrome|Hepatocellular carcinoma|Osteosarcoma|Choroid plexus papilloma|Nasopharyngeal carcinoma|Pancreatic cancer|Adrenal cortical carcinoma|Breast cancer|Basal cell carcinoma 7|Glioma susceptibility 1];	RCV000152112.1 [benign]; RCV000013144.2 [benign]; RCV000034639.1 [benign]; RCV000079202.5 [benign]; RCV000132165.2 [benign]; RCV000144668.1 [uncertain significance]; RCV000211157.1 [drug response]; RCV000211212.1 [drug response]; RCV000211311.1 [drug response]; RCV000211338.1 [drug response]; RCV000211395.1 [drug response]; RCV000164487.1 [uncertain significance]; 	CM961374 [CLASS=DFP MUT=REF PHEN="Lung cancer association with" GENE=TP53]; 	COSM250061, COSM3766192, COSM3766191, COSM3766190, COSM3766193	1483	1095	1	[1] old entry - no details available			TP53 (inh=AD pLI=0.91)
