#CHROM_A	START_A	END_A	CHROM_B	START_B	END_B	ID	QUAL	STRAND_A	STRAND_B	TYPE	FILTER	NAME_A	REF_A	ALT_A	NAME_B	REF_B	ALT_B	INFO_A	INFO_B	FORMAT	NA12878_03
chr16	89844943	89845059	chr15	80242306	80242417	MantaBND:33:0:1:0:0:0:0	85	.	.	BND	off-target	MantaBND:33:0:1:0:0:0:0	A	[CHR15:80242361[A	MantaBND:33:0:1:0:0:0:1	A	[CHR16:89845001[A	IMPRECISE;SVTYPE=BND;CIPOS=-58,58;MATEID=MantaBND:33:0:1:0:0:0:1;BND_DEPTH=597;MATE_BND_DEPTH=2	IMPRECISE;SVTYPE=BND;CIPOS=-55,56;MATEID=MantaBND:33:0:1:0:0:0:0;BND_DEPTH=2;MATE_BND_DEPTH=597	GT:FT:GQ:PL:PR	1/1:PASS:18:138,20,0:0,7
