#BAM: NA12878_03.bam
#ROI: hpHBOCv5_2014_10_27.bed
#ROI regions: 1223
#ROI bases: 247305
chr1	27682170	27682201	MAP3K6
chr1	27688378	27688383	MAP3K6
chr1	27690684	27690768	MAP3K6
chr1	27692959	27693019	MAP3K6
chr1	45796177	45796239	MUTYH
chr1	62739407	62739417	KANK4
chr1	120471834	120471845	NOTCH2
chr1	120478060	120478199	NOTCH2
chr1	120496169	120496182	NOTCH2
chr1	120510045	120510046	NOTCH2
chr1	120534074	120534115	NOTCH2
chr1	120534221	120534266	NOTCH2
chr1	120539883	120539965	NOTCH2
chr1	120547940	120548221	NOTCH2
chr1	120572517	120572620	NOTCH2
chr1	120611500	120611676	NOTCH2
chr1	120611732	120611939	NOTCH2
chr2	17954474	17954505	GEN1
chr2	17959257	17959276	GEN1
chr2	17961234	17961250	GEN1
chr2	17963210	17963216	GEN1
chr2	47601078	47601081	EPCAM
chr2	47612303	47612339	EPCAM
chr2	47613708	47613714	EPCAM
chr2	47613731	47613762	EPCAM
chr2	47630487	47630551	MSH2
chr2	47637370	47637374	MSH2
chr2	47639541	47639637	MSH2
chr2	47641397	47641398	MSH2
chr2	47693952	47693957	MSH2
chr2	47702361	47702419	MSH2
chr2	47703495	47703506	MSH2
chr2	47705571	47705640	MSH2
chr2	48010450	48010519	MSH6
chr2	48010586	48010642	MSH6
chr2	48030679	48030737	MSH6
chr2	48033947	48034009	MSH6
chr2	190717370	190717387	PMS1
chr2	190718770	190718818	PMS1
chr2	215617176	215617187	BARD1
chr2	215657173	215657179	BARD1
chr2	220416410	220416461	OBSL1
chr2	220416517	220416530	OBSL1
chr2	220416917	220416923	OBSL1
chr2	220417639	220417644	OBSL1
chr2	220419421	220419462	OBSL1
chr2	220422244	220422245	OBSL1
chr2	220432771	220432799	OBSL1
chr2	220435068	220435106	OBSL1
chr2	220435236	220435247	OBSL1
chr2	220435257	220435408	OBSL1
chr2	220435591	220435782	OBSL1
chr3	10085157	10085286	FANCD2
chr3	10091089	10091123	FANCD2
chr3	10102007	10102034	FANCD2
chr3	10103824	10103888	FANCD2
chr3	10107067	10107118	FANCD2
chr3	10114926	10115056	FANCD2
chr3	10130544	10130546	FANCD2
chr3	10140447	10140489	FANCD2
chr3	37053491	37053530	MLH1
chr3	37053569	37053600	MLH1
chr3	37067163	37067168	MLH1
chr3	37089133	37089145	MLH1
chr3	37089997	37090000	MLH1
chr3	37092099	37092127	MLH1
chr3	52437441	52437466	BAP1
chr3	52443719	52443769	BAP1
chr3	52443847	52443904	BAP1
chr3	142168443	142168454	ATR
chr3	142176455	142176523	ATR
chr3	142177789	142177918	ATR
chr3	142188407	142188421	ATR
chr3	142215191	142215261	ATR
chr3	142218458	142218516	ATR
chr3	142238500	142238549	ATR
chr3	142242938	142242941	ATR
chr3	142254939	142254985	ATR
chr3	142272107	142272112	ATR
chr3	142272570	142272592	ATR
chr3	142272780	142272867	ATR
chr3	142274875	142274888	ATR
chr3	142275322	142275327	ATR
chr3	142279291	142279306	ATR
chr3	156411798	156411800	TIPARP
chr3	156411927	156411936	TIPARP
chr3	156413654	156413785	TIPARP
chr3	156421202	156421238	TIPARP
chr3	178916909	178916910	PIK3CA
chr3	178919212	178919338	PIK3CA
chr3	178927463	178927469	PIK3CA
chr3	178936025	178936083	PIK3CA
chr3	178937034	178937075	PIK3CA
chr3	178937401	178937533	PIK3CA
chr3	178937836	178937850	PIK3CA
chr3	178942477	178942516	PIK3CA
chr4	84383631	84383640	FAM175A
chr4	84383798	84383804	FAM175A
chr4	84403296	84403407	FAM175A
chr4	84406128	84406196	FAM175A
chr5	80037272	80037289	MSH3
chr5	80057480	80057507	MSH3
chr5	80064813	80064832	MSH3
chr5	80071585	80071587	MSH3
chr5	112111315	112111444	APC
chr5	112116596	112116610	APC
chr5	112154652	112154684	APC
chr5	112154789	112154814	APC
chr5	112163651	112163668	APC
chr5	112164662	112164679	APC
chr5	112170835	112170872	APC
chr5	112175702	112175714	APC
chr5	112177010	112177025	APC
chr5	112177613	112177673	APC
chr5	112177831	112177849	APC
chr5	112178007	112178047	APC
chr5	112178810	112178817	APC
chr5	112178983	112179010	APC
chr5	112179280	112179281	APC
chr5	112179345	112179374	APC
chr5	131924368	131924373	RAD50
chr5	131930550	131930651	RAD50
chr5	131944373	131944427	RAD50
chr5	131944798	131944872	RAD50
chr5	131976418	131976421	RAD50
chr5	176334104	176334119	UIMC1
chr5	176378586	176378588	UIMC1
chr6	35420392	35420421	FANCE
chr6	35423900	35423907	FANCE
chr7	6018298	6018321	PMS2
chr7	6026379	6026402	PMS2
chr7	6026830	6026834	PMS2
chr7	6027128	6027139	PMS2
chr7	6029587	6029596	PMS2
chr7	6031677	6031698	PMS2
chr7	6036946	6036967	PMS2
chr7	6045582	6045650	PMS2
chr7	66456292	66456298	SBDS
chr7	128829093	128829173	SMO
chr7	128845980	128845985	SMO
chr7	152345716	152345780	XRCC2
chr8	90947799	90947805	NBN
chr8	90965733	90965787	NBN
chr8	90967767	90967784	NBN
chr8	90970969	90970993	NBN
chr8	90983390	90983528	NBN
chr8	90993742	90993761	NBN
chr8	90994978	90995093	NBN
chr8	90996742	90996799	NBN
chr9	5920523	5920569	KIAA2026
chr9	17143275	17143281	CNTLN
chr9	17273719	17273746	CNTLN
chr9	17298300	17298390	CNTLN
chr9	17330641	17330642	CNTLN
chr9	17342312	17342315	CNTLN
chr9	17366604	17366725	CNTLN
chr9	17394583	17394637	CNTLN
chr9	17409280	17409320	CNTLN
chr9	17415869	17415889	CNTLN
chr9	17457510	17457540	CNTLN
chr9	17457591	17457595	CNTLN
chr9	17464503	17464534	CNTLN
chr9	17465968	17466126	CNTLN
chr9	17484310	17484351	CNTLN
chr9	17486976	17487069	CNTLN
chr9	17494991	17495013	CNTLN
chr9	21968217	21968244	CDKN2A, MTAP
chr9	21994127	21994329	CDKN2A, MTAP
chr9	35074130	35074197	FANCG
chr9	98011398	98011525	FANCC
chr9	98209185	98209196	PTCH1
chr9	98212184	98212232	PTCH1
chr9	98241271	98241339	PTCH1
chr9	98248078	98248166	PTCH1
chr9	98270558	98270565	PTCH1
chr10	43601822	43601832	RET
chr10	43615530	43615563	RET
chr10	43619246	43619266	RET
chr10	88671986	88671990	BMPR1A
chr10	88679174	88679190	BMPR1A
chr10	89653771	89653777	PTEN
chr10	89685259	89685265	PTEN
chr10	89717606	89717632	PTEN
chr10	89720707	89720774	PTEN
chr10	89725033	89725239	PTEN
chr11	64572177	64572264	MEN1
chr11	64573096	64573124	MEN1
chr11	94178965	94178984	MRE11A
chr11	94180591	94180601	MRE11A
chr11	94203745	94203765	MRE11A
chr11	94204886	94204935	MRE11A
chr11	94223988	94224112	MRE11A
chr11	108098491	108098549	ATM
chr11	108106426	108106446	ATM
chr11	108119648	108119664	ATM
chr11	108121417	108121429	ATM
chr11	108121791	108121809	ATM
chr11	108122671	108122700	ATM
chr11	108122726	108122752	ATM
chr11	108123533	108123608	ATM
chr11	108128246	108128255	ATM
chr11	108129702	108129703	ATM
chr11	108143563	108143589	ATM
chr11	108153577	108153616	ATM
chr11	108155174	108155210	ATM
chr11	108159753	108159840	ATM
chr11	108160410	108160457	ATM
chr11	108163362	108163403	ATM
chr11	108164063	108164142	ATM
chr11	108168060	108168067	ATM
chr11	108172481	108172526	ATM
chr11	108175391	108175432	ATM
chr11	108175507	108175520	ATM
chr11	108188222	108188236	ATM, C11ORF65
chr11	108196026	108196074	ATM, C11ORF65
chr11	108196206	108196270	ATM, C11ORF65
chr11	108205805	108205810	ATM, C11ORF65
chr11	108217994	108218102	ATM, C11ORF65
chr11	117076701	117077082	PCSK7
chr11	117077385	117077524	PCSK7
chr11	117077772	117077810	PCSK7
chr11	117077881	117077886	PCSK7
chr11	117078436	117078461	PCSK7
chr11	117078674	117078790	PCSK7
chr11	117079602	117079622	PCSK7
chr11	117079696	117079779	PCSK7
chr11	117100491	117100498	PCSK7
chr11	125499281	125499294	CHEK1
chr11	125523630	125523636	CHEK1
chr11	125523738	125523752	CHEK1
chr12	58144526	58144528	CDK4
chr12	68195085	68195105	
chr13	32906594	32906631	BRCA2
chr13	32911686	32911700	BRCA2
chr13	32912403	32912450	BRCA2
chr13	32913614	32913710	BRCA2
chr13	32914271	32914381	BRCA2
chr13	32915010	32915171	BRCA2
chr13	32915178	32915400	BRCA2
chr13	32954229	32954238	BRCA2
chr13	32972353	32972382	BRCA2
chr13	32972683	32972788	BRCA2
chr14	45618014	45618084	FANCM
chr14	45618209	45618223	FANCM
chr14	45620742	45620743	FANCM
chr14	45623276	45623280	FANCM
chr14	45628273	45628370	FANCM
chr14	45636358	45636373	FANCM
chr14	45639773	45639836	FANCM
chr14	45642385	45642438	FANCM
chr14	45644673	45644675	FANCM
chr14	45644919	45644964	FANCM
chr14	45645487	45645507	FANCM
chr14	45646092	45646154	FANCM
chr14	45650607	45650718	FANCM
chr14	45653128	45653130	FANCM
chr14	45656958	45657115	FANCM
chr14	45668061	45668163	FANCM
chr14	68352575	68352620	RAD51B
chr14	104165501	104165506	KLC1, XRCC3
chr14	105237187	105237194	AKT1
chr15	40994123	40994134	RAD51
chr15	41011055	41011068	RAD51
chr15	41021754	41021769	RAD51
chr15	43701284	43701297	TP53BP1
chr15	43712521	43712531	TP53BP1
chr15	43713307	43713312	TP53BP1
chr15	43714165	43714213	TP53BP1
chr15	43739605	43739624	TP53BP1
chr15	43748159	43748160	TP53BP1
chr15	43748436	43748444	TP53BP1
chr15	43748651	43748664	TP53BP1
chr15	43748697	43748723	TP53BP1
chr15	43762072	43762088	TP53BP1
chr15	43784244	43784303	TP53BP1
chr15	43784471	43784568	TP53BP1
chr15	91292586	91292609	BLM
chr15	91292733	91292769	BLM
chr15	91303366	91303519	BLM
chr15	91303813	91303913	BLM
chr15	91304070	91304188	BLM
chr15	91310129	91310178	BLM
chr15	91326041	91326168	BLM
chr15	91328196	91328216	BLM
chr15	91328250	91328321	BLM
chr15	91341409	91341577	BLM
chr16	3633086	3633104	SLX4
chr16	3639053	3639082	SLX4
chr16	3639129	3639132	SLX4
chr16	3639996	3639997	SLX4
chr16	3640683	3640768	SLX4
chr16	3640777	3640830	SLX4
chr16	3642781	3642787	SLX4
chr16	3656626	3656701	SLX4
chr16	3658565	3658646	SLX4
chr16	23640514	23640527	PALB2
chr16	23646909	23646928	PALB2
chr16	68867316	68867366	CDH1
chr16	89809216	89809219	FANCA
chr16	89816288	89816300	FANCA
chr16	89825071	89825123	FANCA
chr16	89831440	89831455	FANCA
chr16	89845217	89845268	FANCA
chr16	89845340	89845398	FANCA
chr16	89846322	89846352	FANCA
chr16	89862303	89862308	FANCA
chr16	89874712	89874718	FANCA
chr17	7573997	7574017	TP53
chr17	29422214	29422315	NF1
chr17	29490338	29490348	NF1
chr17	29496999	29497025	NF1
chr17	29508428	29508456	NF1
chr17	29508716	29508813	NF1
chr17	29541457	29541507	NF1
chr17	29548857	29548872	NF1
chr17	29548935	29549018	NF1
chr17	29550514	29550526	NF1
chr17	29554265	29554295	NF1
chr17	29556067	29556073	NF1
chr17	29556209	29556234	NF1
chr17	29556981	29557002	NF1
chr17	29560163	29560192	NF1
chr17	29575991	29576082	NF1
chr17	29579959	29579983	NF1
chr17	29657467	29657477	NF1
chr17	29665080	29665082	NF1
chr17	29665737	29665833	NF1
chr17	29686015	29686016	NF1
chr17	33430298	33430323	RAD51D
chr17	41246006	41246084	BRCA1
chr17	41246242	41246250	BRCA1
chr17	41246786	41246790	BRCA1
chr17	41256257	41256288	BRCA1
chr17	56780546	56780567	RAD51C
chr17	56787298	56787331	RAD51C
chr17	56798109	56798143	RAD51C
chr17	56811468	56811499	RAD51C
chr17	59763216	59763248	BRIP1
chr17	59763261	59763360	BRIP1
chr17	59793388	59793434	BRIP1
chr17	59821832	59821846	BRIP1
chr17	59821852	59821871	BRIP1
chr17	59857626	59857632	BRIP1
chr17	59876450	59876459	BRIP1
chr18	19995690	19995780	CTAGE1
chr18	19995849	19995857	CTAGE1
chr18	19996289	19996388	CTAGE1
chr18	19996803	19996969	CTAGE1
chr18	19997088	19997128	CTAGE1
chr18	20569173	20569179	RBBP8
chr18	48575669	48575676	SMAD4
chr18	48593510	48593542	SMAD4
chr19	17379874	17379886	BABAM1
chr20	14167292	14167293	MACROD2
chr22	29083953	29083984	CHEK2
chr22	29085112	29085213	CHEK2
chr22	29091102	29091124	CHEK2
chr22	29091206	29091240	CHEK2
chr22	29091813	29091871	CHEK2
chr22	29120954	29121037	CHEK2
chr22	29126397	29126423	CHEK2
chrX	154300591	154300628	BRCC3
chrX	154305544	154305549	BRCC3
chrX	154306880	154306958	BRCC3
